\BOOKMARK [0][-]{chapter*.2}{\376\377\000H\000A\000L\000A\000M\000A\000N\000\040\000P\000E\000N\000G\000E\000S\000A\000H\000A\000N}{}% 1
\BOOKMARK [0][-]{chapter*.4}{\376\377\000P\000E\000R\000N\000Y\000A\000T\000A\000A\000N\000\040\000B\000E\000B\000A\000S\000\040\000P\000L\000A\000G\000I\000A\000S\000I}{}% 2
\BOOKMARK [0][-]{chapter*.6}{\376\377\000H\000A\000L\000A\000M\000A\000N\000\040\000P\000E\000R\000S\000E\000M\000B\000A\000H\000A\000N}{}% 3
\BOOKMARK [0][-]{Item.5}{\376\377\000K\000A\000T\000A\000\040\000P\000E\000N\000G\000A\000N\000T\000A\000R}{}% 4
\BOOKMARK [0][-]{section*.9}{\376\377\000D\000A\000F\000T\000A\000R\000\040\000I\000S\000I}{}% 5
\BOOKMARK [0][-]{section*.10}{\376\377\000D\000A\000F\000T\000A\000R\000\040\000T\000A\000B\000E\000L}{}% 6
\BOOKMARK [0][-]{section*.11}{\376\377\000D\000A\000F\000T\000A\000R\000\040\000G\000A\000M\000B\000A\000R}{}% 7
\BOOKMARK [0][-]{chapter*.13}{\376\377\000D\000A\000F\000T\000A\000R\000\040\000S\000I\000N\000G\000K\000A\000T\000A\000N}{}% 8
\BOOKMARK [0][-]{chapter*.15}{\376\377\000I\000N\000T\000I\000S\000A\000R\000I}{}% 9
\BOOKMARK [0][-]{chapter*.17}{\376\377\000A\000B\000S\000T\000R\000A\000C\000T}{}% 10
\BOOKMARK [0][-]{chapter.1}{\376\377\000I\000\040\000P\000e\000n\000d\000a\000h\000u\000l\000u\000a\000n}{}% 11
\BOOKMARK [1][-]{section.1.1}{\376\377\0001\000.\0001\000\040\000L\000a\000t\000a\000r\000\040\000B\000e\000l\000a\000k\000a\000n\000g}{chapter.1}% 12
\BOOKMARK [1][-]{section.1.2}{\376\377\0001\000.\0002\000\040\000R\000u\000m\000u\000s\000a\000n\000\040\000M\000a\000s\000a\000l\000a\000h}{chapter.1}% 13
\BOOKMARK [1][-]{section.1.3}{\376\377\0001\000.\0003\000\040\000T\000u\000j\000u\000a\000n\000\040\000P\000e\000n\000e\000l\000i\000t\000i\000a\000n}{chapter.1}% 14
\BOOKMARK [1][-]{section.1.4}{\376\377\0001\000.\0004\000\040\000B\000a\000t\000a\000s\000a\000n\000\040\000P\000e\000n\000e\000l\000i\000t\000i\000a\000n}{chapter.1}% 15
\BOOKMARK [1][-]{section.1.5}{\376\377\0001\000.\0005\000\040\000M\000a\000n\000f\000a\000a\000t\000\040\000P\000e\000n\000e\000l\000i\000t\000i\000a\000n}{chapter.1}% 16
\BOOKMARK [1][-]{section.1.6}{\376\377\0001\000.\0006\000\040\000K\000o\000n\000t\000r\000i\000b\000u\000s\000i\000\040\000P\000e\000n\000e\000l\000i\000t\000i\000a\000n}{chapter.1}% 17
\BOOKMARK [1][-]{section.1.7}{\376\377\0001\000.\0007\000\040\000K\000o\000n\000t\000r\000i\000b\000u\000s\000i\000\040\000P\000e\000n\000e\000l\000i\000t\000i\000a\000n}{chapter.1}% 18
\BOOKMARK [1][-]{section.1.8}{\376\377\0001\000.\0008\000\040\000M\000a\000n\000f\000a\000a\000t\000\040\000P\000e\000n\000e\000l\000i\000t\000i\000a\000n}{chapter.1}% 19
\BOOKMARK [1][-]{section.1.9}{\376\377\0001\000.\0009\000\040\000S\000i\000s\000t\000e\000m\000a\000t\000i\000k\000a\000\040\000P\000e\000n\000u\000l\000i\000s\000a\000n}{chapter.1}% 20
\BOOKMARK [0][-]{chapter.2}{\376\377\000I\000I\000\040\000T\000i\000n\000j\000a\000u\000a\000n\000\040\000P\000u\000s\000t\000a\000k\000a\000\040\000d\000a\000n\000\040\000D\000a\000s\000a\000r\000\040\000T\000e\000o\000r\000i}{}% 21
\BOOKMARK [1][-]{section.2.1}{\376\377\0002\000.\0001\000\040\000T\000e\000k\000n\000o\000l\000o\000g\000i\000\040\000B\000l\000o\000c\000k\000c\000h\000a\000i\000n\000\040\000d\000a\000n\000\040\000S\000m\000a\000r\000t\000\040\000C\000o\000n\000t\000r\000a\000c\000t}{chapter.2}% 22
\BOOKMARK [2][-]{subsection.2.1.1}{\376\377\0002\000.\0001\000.\0001\000\040\000B\000l\000o\000c\000k\000c\000h\000a\000i\000n\000\040\000s\000e\000b\000a\000g\000a\000i\000\040\000D\000i\000s\000t\000r\000i\000b\000u\000t\000e\000d\000\040\000L\000e\000d\000g\000e\000r}{section.2.1}% 23
\BOOKMARK [2][-]{subsection.2.1.2}{\376\377\0002\000.\0001\000.\0002\000\040\000E\000t\000h\000e\000r\000e\000u\000m\000\040\000d\000a\000n\000\040\000E\000t\000h\000e\000r\000e\000u\000m\000\040\000V\000i\000r\000t\000u\000a\000l\000\040\000M\000a\000c\000h\000i\000n\000e\000\040\000\050\000E\000V\000M\000\051}{section.2.1}% 24
\BOOKMARK [2][-]{subsection.2.1.3}{\376\377\0002\000.\0001\000.\0003\000\040\000S\000m\000a\000r\000t\000\040\000C\000o\000n\000t\000r\000a\000c\000t}{section.2.1}% 25
\BOOKMARK [2][-]{subsection.2.1.4}{\376\377\0002\000.\0001\000.\0004\000\040\000S\000t\000a\000n\000d\000a\000r\000\040\000E\000R\000C\000-\0002\0000\000\040\000d\000a\000n\000\040\000T\000o\000k\000e\000n}{section.2.1}% 26
\BOOKMARK [2][-]{subsection.2.1.5}{\376\377\0002\000.\0001\000.\0005\000\040\000T\000i\000p\000e\000\040\000D\000a\000t\000a\000\040\000d\000a\000n\000\040\000P\000o\000l\000a\000\040\000P\000e\000n\000y\000i\000m\000p\000a\000n\000a\000n\000\040\000d\000i\000\040\000S\000o\000l\000i\000d\000i\000t\000y}{section.2.1}% 27
\BOOKMARK [2][-]{subsection.2.1.6}{\376\377\0002\000.\0001\000.\0006\000\040\000E\000k\000o\000s\000i\000s\000t\000e\000m\000\040\000P\000e\000n\000g\000e\000m\000b\000a\000n\000g\000a\000n\000\040\000S\000m\000a\000r\000t\000\040\000C\000o\000n\000t\000r\000a\000c\000t}{section.2.1}% 28
\BOOKMARK [2][-]{subsection.2.1.7}{\376\377\0002\000.\0001\000.\0007\000\040\000K\000o\000n\000t\000r\000o\000l\000\040\000A\000k\000s\000e\000s\000\040\000d\000a\000n\000\040\000K\000e\000a\000m\000a\000n\000a\000n\000\040\000S\000m\000a\000r\000t\000\040\000C\000o\000n\000t\000r\000a\000c\000t}{section.2.1}% 29
\BOOKMARK [2][-]{subsection.2.1.8}{\376\377\0002\000.\0001\000.\0008\000\040\000D\000C\000h\000a\000i\000n\000:\000\040\000B\000l\000o\000c\000k\000c\000h\000a\000i\000n\000\040\000K\000o\000n\000s\000o\000r\000s\000i\000u\000m\000\040\000P\000e\000n\000d\000i\000d\000i\000k\000a\000n\000\040\000T\000i\000n\000g\000g\000i\000\040\000I\000n\000d\000o\000n\000e\000s\000i\000a}{section.2.1}% 30
\BOOKMARK [1][-]{section.2.2}{\376\377\0002\000.\0002\000\040\000D\000e\000c\000e\000n\000t\000r\000a\000l\000i\000z\000e\000d\000\040\000A\000u\000t\000o\000n\000o\000m\000o\000u\000s\000\040\000O\000r\000g\000a\000n\000i\000z\000a\000t\000i\000o\000n\000\040\000\050\000D\000A\000O\000\051}{chapter.2}% 31
\BOOKMARK [2][-]{subsection.2.2.1}{\376\377\0002\000.\0002\000.\0001\000\040\000D\000e\000f\000i\000n\000i\000s\000i\000\040\000d\000a\000n\000\040\000K\000a\000r\000a\000k\000t\000e\000r\000i\000s\000t\000i\000k\000\040\000D\000A\000O}{section.2.2}% 32
\BOOKMARK [2][-]{subsection.2.2.2}{\376\377\0002\000.\0002\000.\0002\000\040\000M\000o\000d\000e\000l\000\040\000T\000a\000t\000a\000\040\000K\000e\000l\000o\000l\000a\000\040\000D\000A\000O}{section.2.2}% 33
\BOOKMARK [2][-]{subsection.2.2.3}{\376\377\0002\000.\0002\000.\0003\000\040\000D\000A\000O\000\040\000u\000n\000t\000u\000k\000\040\000K\000o\000p\000e\000r\000a\000s\000i}{section.2.2}% 34
\BOOKMARK [2][-]{subsection.2.2.4}{\376\377\0002\000.\0002\000.\0004\000\040\000K\000e\000t\000e\000r\000b\000a\000t\000a\000s\000a\000n\000\040\000M\000o\000d\000e\000l\000\040\000D\000A\000O\000\040\000E\000x\000i\000s\000t\000i\000n\000g}{section.2.2}% 35
\BOOKMARK [1][-]{section.2.3}{\376\377\0002\000.\0003\000\040\000K\000o\000p\000e\000r\000a\000s\000i\000\040\000d\000i\000\040\000I\000n\000d\000o\000n\000e\000s\000i\000a}{chapter.2}% 36
\BOOKMARK [2][-]{subsection.2.3.1}{\376\377\0002\000.\0003\000.\0001\000\040\000D\000e\000f\000i\000n\000i\000s\000i\000\040\000d\000a\000n\000\040\000P\000r\000i\000n\000s\000i\000p\000\040\000K\000o\000p\000e\000r\000a\000s\000i}{section.2.3}% 37
\BOOKMARK [2][-]{subsection.2.3.2}{\376\377\0002\000.\0003\000.\0002\000\040\000S\000t\000r\000u\000k\000t\000u\000r\000\040\000O\000r\000g\000a\000n\000i\000s\000a\000s\000i\000\040\000K\000o\000p\000e\000r\000a\000s\000i}{section.2.3}% 38
\BOOKMARK [2][-]{subsection.2.3.3}{\376\377\0002\000.\0003\000.\0003\000\040\000S\000i\000s\000t\000e\000m\000\040\000S\000i\000m\000p\000a\000n\000a\000n}{section.2.3}% 39
\BOOKMARK [2][-]{subsection.2.3.4}{\376\377\0002\000.\0003\000.\0004\000\040\000S\000i\000s\000a\000\040\000H\000a\000s\000i\000l\000\040\000U\000s\000a\000h\000a\000\040\000\050\000S\000H\000U\000\051}{section.2.3}% 40
\BOOKMARK [2][-]{subsection.2.3.5}{\376\377\0002\000.\0003\000.\0005\000\040\000T\000a\000n\000t\000a\000n\000g\000a\000n\000\040\000K\000o\000p\000e\000r\000a\000s\000i\000\040\000T\000r\000a\000d\000i\000s\000i\000o\000n\000a\000l}{section.2.3}% 41
\BOOKMARK [2][-]{subsection.2.3.6}{\376\377\0002\000.\0003\000.\0006\000\040\000T\000r\000a\000n\000s\000f\000o\000r\000m\000a\000s\000i\000\040\000D\000i\000g\000i\000t\000a\000l\000\040\000K\000o\000p\000e\000r\000a\000s\000i}{section.2.3}% 42
\BOOKMARK [2][-]{subsection.2.3.7}{\376\377\0002\000.\0003\000.\0007\000\040\000M\000a\000n\000a\000j\000e\000m\000e\000n\000\040\000K\000e\000u\000a\000n\000g\000a\000n\000\040\000d\000a\000n\000\040\000A\000k\000u\000n\000t\000a\000n\000s\000i\000\040\000K\000o\000p\000e\000r\000a\000s\000i}{section.2.3}% 43
\BOOKMARK [2][-]{subsection.2.3.8}{\376\377\0002\000.\0003\000.\0008\000\040\000P\000e\000n\000g\000a\000w\000a\000s\000a\000n\000\040\000d\000a\000n\000\040\000F\000r\000a\000u\000d\000\040\000d\000i\000\040\000K\000o\000p\000e\000r\000a\000s\000i}{section.2.3}% 44
\BOOKMARK [2][-]{subsection.2.3.9}{\376\377\0002\000.\0003\000.\0009\000\040\000P\000a\000r\000t\000i\000s\000i\000p\000a\000s\000i\000\040\000d\000a\000n\000\040\000P\000e\000m\000b\000e\000r\000d\000a\000y\000a\000a\000n\000\040\000A\000n\000g\000g\000o\000t\000a}{section.2.3}% 45
\BOOKMARK [2][-]{subsection.2.3.10}{\376\377\0002\000.\0003\000.\0001\0000\000\040\000B\000l\000o\000c\000k\000c\000h\000a\000i\000n\000\040\000d\000a\000n\000\040\000F\000i\000n\000t\000e\000c\000h\000\040\000d\000a\000l\000a\000m\000\040\000K\000o\000n\000t\000e\000k\000s\000\040\000K\000o\000p\000e\000r\000a\000s\000i\000\040\000I\000n\000d\000o\000n\000e\000s\000i\000a}{section.2.3}% 46
\BOOKMARK [1][-]{section.2.4}{\376\377\0002\000.\0004\000\040\000R\000e\000g\000u\000l\000a\000s\000i\000\040\000T\000e\000r\000k\000a\000i\000t}{chapter.2}% 47
\BOOKMARK [2][-]{subsection.2.4.1}{\376\377\0002\000.\0004\000.\0001\000\040\000U\000U\000\040\0002\0005\000/\0001\0009\0009\0002\000\040\000t\000e\000n\000t\000a\000n\000g\000\040\000P\000e\000r\000k\000o\000p\000e\000r\000a\000s\000i\000a\000n}{section.2.4}% 48
\BOOKMARK [2][-]{subsection.2.4.2}{\376\377\0002\000.\0004\000.\0002\000\040\000P\000P\000\040\0007\000/\0002\0000\0002\0001\000\040\000t\000e\000n\000t\000a\000n\000g\000\040\000K\000e\000m\000u\000d\000a\000h\000a\000n\000,\000\040\000P\000e\000l\000i\000n\000d\000u\000n\000g\000a\000n\000,\000\040\000d\000a\000n\000\040\000P\000e\000m\000b\000e\000r\000d\000a\000y\000a\000a\000n\000\040\000K\000o\000p\000e\000r\000a\000s\000i\000\040\000d\000a\000n\000\040\000U\000M\000K\000M}{section.2.4}% 49
\BOOKMARK [2][-]{subsection.2.4.3}{\376\377\0002\000.\0004\000.\0003\000\040\000P\000e\000r\000m\000e\000n\000k\000o\000p\000\040\0008\000/\0002\0000\0002\0003\000\040\000t\000e\000n\000t\000a\000n\000g\000\040\000U\000s\000a\000h\000a\000\040\000S\000i\000m\000p\000a\000n\000\040\000P\000i\000n\000j\000a\000m\000\040\000o\000l\000e\000h\000\040\000K\000o\000p\000e\000r\000a\000s\000i}{section.2.4}% 50
\BOOKMARK [2][-]{subsection.2.4.4}{\376\377\0002\000.\0004\000.\0004\000\040\000K\000e\000p\000a\000t\000u\000h\000a\000n\000\040\000R\000e\000g\000u\000l\000a\000s\000i\000\040\000m\000e\000l\000a\000l\000u\000i\000\040\000S\000m\000a\000r\000t\000\040\000C\000o\000n\000t\000r\000a\000c\000t}{section.2.4}% 51
\BOOKMARK [1][-]{section.2.5}{\376\377\0002\000.\0005\000\040\000P\000e\000n\000e\000l\000i\000t\000i\000a\000n\000\040\000T\000e\000r\000d\000a\000h\000u\000l\000u}{chapter.2}% 52
\BOOKMARK [0][-]{chapter.3}{\376\377\000I\000I\000I\000\040\000M\000e\000t\000o\000d\000e\000\040\000P\000e\000n\000e\000l\000i\000t\000i\000a\000n}{}% 53
\BOOKMARK [1][-]{section.3.1}{\376\377\0003\000.\0001\000\040\000P\000e\000n\000d\000e\000k\000a\000t\000a\000n\000\040\000D\000e\000s\000i\000g\000n\000\040\000S\000c\000i\000e\000n\000c\000e\000\040\000R\000e\000s\000e\000a\000r\000c\000h}{chapter.3}% 54
\BOOKMARK [1][-]{section.3.2}{\376\377\0003\000.\0002\000\040\000A\000l\000a\000t\000\040\000d\000a\000n\000\040\000B\000a\000h\000a\000n}{chapter.3}% 55
\BOOKMARK [2][-]{subsection.3.2.1}{\376\377\0003\000.\0002\000.\0001\000\040\000P\000e\000r\000a\000n\000g\000k\000a\000t\000\040\000L\000u\000n\000a\000k}{section.3.2}% 56
\BOOKMARK [2][-]{subsection.3.2.2}{\376\377\0003\000.\0002\000.\0002\000\040\000P\000e\000r\000a\000n\000g\000k\000a\000t\000\040\000K\000e\000r\000a\000s}{section.3.2}% 57
\BOOKMARK [2][-]{subsection.3.2.3}{\376\377\0003\000.\0002\000.\0003\000\040\000B\000a\000h\000a\000n\000\040\000P\000e\000n\000e\000l\000i\000t\000i\000a\000n}{section.3.2}% 58
\BOOKMARK [1][-]{section.3.3}{\376\377\0003\000.\0003\000\040\000A\000l\000u\000r\000\040\000P\000e\000n\000e\000l\000i\000t\000i\000a\000n}{chapter.3}% 59
\BOOKMARK [1][-]{section.3.4}{\376\377\0003\000.\0004\000\040\000A\000r\000s\000i\000t\000e\000k\000t\000u\000r\000\040\000S\000i\000s\000t\000e\000m}{chapter.3}% 60
\BOOKMARK [1][-]{section.3.5}{\376\377\0003\000.\0005\000\040\000D\000e\000s\000a\000i\000n\000\040\000S\000m\000a\000r\000t\000\040\000C\000o\000n\000t\000r\000a\000c\000t}{chapter.3}% 61
\BOOKMARK [2][-]{subsection.3.5.1}{\376\377\0003\000.\0005\000.\0001\000\040\000S\000t\000r\000u\000k\000t\000u\000r\000\040\000D\000a\000t\000a}{section.3.5}% 62
\BOOKMARK [2][-]{subsection.3.5.2}{\376\377\0003\000.\0005\000.\0002\000\040\000K\000o\000n\000t\000r\000o\000l\000\040\000A\000k\000s\000e\000s\000\040\000B\000e\000r\000b\000a\000s\000i\000s\000\040\000P\000e\000r\000a\000n}{section.3.5}% 63
\BOOKMARK [2][-]{subsection.3.5.3}{\376\377\0003\000.\0005\000.\0003\000\040\000F\000u\000n\000g\000s\000i\000\040\000U\000t\000a\000m\000a\000\040\000p\000e\000r\000\040\000K\000e\000t\000e\000n\000t\000u\000a\000n\000\040\000U\000U\000\040\0002\0005\000/\0001\0009\0009\0002}{section.3.5}% 64
\BOOKMARK [2][-]{subsection.3.5.4}{\376\377\0003\000.\0005\000.\0004\000\040\000E\000v\000e\000n\000t\000\040\000L\000o\000g\000g\000i\000n\000g}{section.3.5}% 65
\BOOKMARK [2][-]{subsection.3.5.5}{\376\377\0003\000.\0005\000.\0005\000\040\000J\000u\000s\000t\000i\000f\000i\000k\000a\000s\000i\000\040\000P\000a\000r\000a\000m\000e\000t\000e\000r\000\040\000S\000i\000s\000t\000e\000m}{section.3.5}% 66
\BOOKMARK [1][-]{section.3.6}{\376\377\0003\000.\0006\000\040\000P\000e\000r\000a\000n\000c\000a\000n\000g\000a\000n\000\040\000K\000e\000a\000m\000a\000n\000a\000n}{chapter.3}% 67
\BOOKMARK [2][-]{subsection.3.6.1}{\376\377\0003\000.\0006\000.\0001\000\040\000K\000o\000n\000t\000r\000o\000l\000\040\000A\000k\000s\000e\000s\000\040\000B\000e\000r\000b\000a\000s\000i\000s\000\040\000P\000e\000r\000a\000n}{section.3.6}% 68
\BOOKMARK [2][-]{subsection.3.6.2}{\376\377\0003\000.\0006\000.\0002\000\040\000P\000e\000r\000l\000i\000n\000d\000u\000n\000g\000a\000n\000\040\000R\000e\000e\000n\000t\000r\000a\000n\000c\000y}{section.3.6}% 69
\BOOKMARK [2][-]{subsection.3.6.3}{\376\377\0003\000.\0006\000.\0003\000\040\000V\000e\000t\000o\000\040\000P\000e\000n\000g\000a\000w\000a\000s\000\040\000s\000e\000b\000a\000g\000a\000i\000\040\000C\000i\000r\000c\000u\000i\000t\000\040\000B\000r\000e\000a\000k\000e\000r}{section.3.6}% 70
\BOOKMARK [2][-]{subsection.3.6.4}{\376\377\0003\000.\0006\000.\0004\000\040\000N\000o\000n\000-\000T\000r\000a\000n\000s\000f\000e\000r\000a\000b\000i\000l\000i\000t\000a\000s\000\040\000T\000o\000k\000e\000n\000\040\000K\000e\000a\000n\000g\000g\000o\000t\000a\000a\000n}{section.3.6}% 71
\BOOKMARK [1][-]{section.3.7}{\376\377\0003\000.\0007\000\040\000D\000e\000s\000a\000i\000n\000\040\000F\000r\000o\000n\000t\000e\000n\000d}{chapter.3}% 72
\BOOKMARK [2][-]{subsection.3.7.1}{\376\377\0003\000.\0007\000.\0001\000\040\000A\000r\000s\000i\000t\000e\000k\000t\000u\000r\000\040\000A\000p\000l\000i\000k\000a\000s\000i}{section.3.7}% 73
\BOOKMARK [2][-]{subsection.3.7.2}{\376\377\0003\000.\0007\000.\0002\000\040\000H\000a\000l\000a\000m\000a\000n\000\040\000d\000a\000n\000\040\000F\000u\000n\000g\000s\000i\000o\000n\000a\000l\000i\000t\000a\000s}{section.3.7}% 74
\BOOKMARK [1][-]{section.3.8}{\376\377\0003\000.\0008\000\040\000A\000l\000u\000r\000\040\000K\000e\000r\000j\000a\000\040\000S\000i\000s\000t\000e\000m}{chapter.3}% 75
\BOOKMARK [2][-]{subsection.3.8.1}{\376\377\0003\000.\0008\000.\0001\000\040\000S\000k\000e\000n\000a\000r\000i\000o\000\040\0001\000:\000\040\000P\000e\000n\000d\000a\000f\000t\000a\000r\000a\000n\000\040\000A\000n\000g\000g\000o\000t\000a\000\040\000d\000a\000n\000\040\000S\000i\000m\000p\000a\000n\000a\000n}{section.3.8}% 76
\BOOKMARK [2][-]{subsection.3.8.2}{\376\377\0003\000.\0008\000.\0002\000\040\000S\000k\000e\000n\000a\000r\000i\000o\000\040\0002\000:\000\040\000T\000a\000t\000a\000\040\000K\000e\000l\000o\000l\000a\000\040\000d\000a\000n\000\040\000P\000e\000m\000u\000n\000g\000u\000t\000a\000n\000\040\000S\000u\000a\000r\000a}{section.3.8}% 77
\BOOKMARK [2][-]{subsection.3.8.3}{\376\377\0003\000.\0008\000.\0003\000\040\000S\000k\000e\000n\000a\000r\000i\000o\000\040\0003\000:\000\040\000P\000e\000n\000g\000a\000j\000u\000a\000n\000\040\000d\000a\000n\000\040\000P\000e\000l\000u\000n\000a\000s\000a\000n\000\040\000P\000i\000n\000j\000a\000m\000a\000n}{section.3.8}% 78
\BOOKMARK [2][-]{subsection.3.8.4}{\376\377\0003\000.\0008\000.\0004\000\040\000S\000k\000e\000n\000a\000r\000i\000o\000\040\0004\000:\000\040\000P\000e\000n\000c\000a\000b\000u\000t\000a\000n\000\040\000K\000e\000a\000n\000g\000g\000o\000t\000a\000a\000n\000\040\000d\000a\000n\000\040\000A\000u\000d\000i\000t\000\040\000P\000e\000n\000g\000a\000w\000a\000s}{section.3.8}% 79
\BOOKMARK [2][-]{subsection.3.8.5}{\376\377\0003\000.\0008\000.\0005\000\040\000S\000k\000e\000n\000a\000r\000i\000o\000\040\0005\000:\000\040\000D\000i\000s\000t\000r\000i\000b\000u\000s\000i\000\040\000S\000H\000U\000\040\000d\000a\000n\000\040\000K\000l\000a\000i\000m\000\040\000A\000n\000g\000g\000o\000t\000a}{section.3.8}% 80
\BOOKMARK [1][-]{section.3.9}{\376\377\0003\000.\0009\000\040\000P\000e\000r\000b\000a\000n\000d\000i\000n\000g\000a\000n\000\040\000A\000r\000s\000i\000t\000e\000k\000t\000u\000r\000\040\000d\000e\000n\000g\000a\000n\000\040\000S\000i\000s\000t\000e\000m\000\040\000L\000a\000i\000n}{chapter.3}% 81
\BOOKMARK [1][-]{section.3.10}{\376\377\0003\000.\0001\0000\000\040\000P\000e\000n\000g\000u\000j\000i\000a\000n}{chapter.3}% 82
\BOOKMARK [2][-]{subsection.3.10.1}{\376\377\0003\000.\0001\0000\000.\0001\000\040\000P\000e\000n\000g\000u\000j\000i\000a\000n\000\040\000F\000u\000n\000g\000s\000i\000o\000n\000a\000l\000\040\000S\000m\000a\000r\000t\000\040\000C\000o\000n\000t\000r\000a\000c\000t}{section.3.10}% 83
\BOOKMARK [2][-]{subsection.3.10.2}{\376\377\0003\000.\0001\0000\000.\0002\000\040\000A\000n\000a\000l\000i\000s\000i\000s\000\040\000G\000a\000s}{section.3.10}% 84
\BOOKMARK [2][-]{subsection.3.10.3}{\376\377\0003\000.\0001\0000\000.\0003\000\040\000P\000e\000n\000g\000u\000j\000i\000a\000n\000\040\000I\000m\000u\000t\000a\000b\000i\000l\000i\000t\000a\000s}{section.3.10}% 85
\BOOKMARK [0][-]{chapter.4}{\376\377\000I\000V\000\040\000H\000a\000s\000i\000l\000\040\000d\000a\000n\000\040\000P\000e\000m\000b\000a\000h\000a\000s\000a\000n}{}% 86
\BOOKMARK [1][-]{section.4.1}{\376\377\0004\000.\0001\000\040\000H\000a\000s\000i\000l\000\040\000I\000m\000p\000l\000e\000m\000e\000n\000t\000a\000s\000i\000\040\000S\000m\000a\000r\000t\000\040\000C\000o\000n\000t\000r\000a\000c\000t}{chapter.4}% 87
\BOOKMARK [2][-]{subsection.4.1.1}{\376\377\0004\000.\0001\000.\0001\000\040\000B\000u\000k\000t\000i\000\040\000D\000e\000p\000l\000o\000y\000m\000e\000n\000t\000\040\000p\000a\000d\000a\000\040\000J\000a\000r\000i\000n\000g\000a\000n\000\040\000D\000C\000h\000a\000i\000n}{section.4.1}% 88
\BOOKMARK [2][-]{subsection.4.1.2}{\376\377\0004\000.\0001\000.\0002\000\040\000I\000n\000i\000s\000i\000a\000l\000i\000s\000a\000s\000i\000\040\000P\000a\000r\000a\000m\000e\000t\000e\000r\000\040\000S\000i\000s\000t\000e\000m}{section.4.1}% 89
\BOOKMARK [2][-]{subsection.4.1.3}{\376\377\0004\000.\0001\000.\0003\000\040\000I\000m\000p\000l\000e\000m\000e\000n\000t\000a\000s\000i\000\040\000F\000u\000n\000g\000s\000i\000\040\000U\000t\000a\000m\000a}{section.4.1}% 90
\BOOKMARK [3][-]{subsubsection.4.1.3.1}{\376\377\0004\000.\0001\000.\0003\000.\0001\000\040\000P\000e\000n\000d\000a\000f\000t\000a\000r\000a\000n\000\040\000A\000n\000g\000g\000o\000t\000a\000\040\040\024\000\040\000L\000a\000k\000o\000m\000i\000T\000o\000k\000e\000n\000.\000r\000e\000g\000i\000s\000t\000e\000r\000M\000e\000m\000b\000e\000r\000\050\000\051}{subsection.4.1.3}% 91
\BOOKMARK [3][-]{subsubsection.4.1.3.2}{\376\377\0004\000.\0001\000.\0003\000.\0002\000\040\000D\000i\000s\000t\000r\000i\000b\000u\000s\000i\000\040\000S\000H\000U\000\040\040\024\000\040\000L\000a\000k\000o\000m\000i\000V\000a\000u\000l\000t\000.\000d\000i\000s\000t\000r\000i\000b\000u\000t\000e\000S\000H\000U\000\050\000\051}{subsection.4.1.3}% 92
\BOOKMARK [3][-]{subsubsection.4.1.3.3}{\376\377\0004\000.\0001\000.\0003\000.\0003\000\040\000P\000e\000m\000u\000n\000g\000u\000t\000a\000n\000\040\000S\000u\000a\000r\000a\000\040\040\024\000\040\000L\000a\000k\000o\000m\000i\000G\000o\000v\000e\000r\000n\000.\000c\000a\000s\000t\000V\000o\000t\000e\000\050\000\051}{subsection.4.1.3}% 93
\BOOKMARK [3][-]{subsubsection.4.1.3.4}{\376\377\0004\000.\0001\000.\0003\000.\0004\000\040\000P\000e\000m\000b\000u\000a\000t\000a\000n\000\040\000P\000r\000o\000p\000o\000s\000a\000l\000\040\040\024\000\040\000L\000a\000k\000o\000m\000i\000G\000o\000v\000e\000r\000n\000.\000c\000r\000e\000a\000t\000e\000P\000r\000o\000p\000o\000s\000a\000l\000\050\000\051}{subsection.4.1.3}% 94
\BOOKMARK [3][-]{subsubsection.4.1.3.5}{\376\377\0004\000.\0001\000.\0003\000.\0005\000\040\000P\000e\000r\000s\000e\000t\000u\000j\000u\000a\000n\000\040\000d\000a\000n\000\040\000P\000e\000n\000c\000a\000i\000r\000a\000n\000\040\000P\000i\000n\000j\000a\000m\000a\000n\000\040\040\024\000\040\000L\000a\000k\000o\000m\000i\000L\000o\000a\000n\000s}{subsection.4.1.3}% 95
\BOOKMARK [3][-]{subsubsection.4.1.3.6}{\376\377\0004\000.\0001\000.\0003\000.\0006\000\040\000L\000a\000p\000o\000r\000a\000n\000\040\000K\000e\000u\000a\000n\000g\000a\000n\000\040\000P\000e\000n\000g\000a\000w\000a\000s\000\040\040\024\000\040\000L\000a\000k\000o\000m\000i\000V\000a\000u\000l\000t\000.\000g\000e\000t\000P\000e\000n\000g\000a\000w\000a\000s\000A\000u\000d\000i\000t\000R\000e\000p\000o\000r\000t\000\050\000\051}{subsection.4.1.3}% 96
\BOOKMARK [1][-]{section.4.2}{\376\377\0004\000.\0002\000\040\000H\000a\000s\000i\000l\000\040\000I\000m\000p\000l\000e\000m\000e\000n\000t\000a\000s\000i\000\040\000F\000r\000o\000n\000t\000e\000n\000d}{chapter.4}% 97
\BOOKMARK [2][-]{subsection.4.2.1}{\376\377\0004\000.\0002\000.\0001\000\040\000D\000a\000s\000h\000b\000o\000a\000r\000d\000\040\000A\000n\000g\000g\000o\000t\000a}{section.4.2}% 98
\BOOKMARK [2][-]{subsection.4.2.2}{\376\377\0004\000.\0002\000.\0002\000\040\000P\000o\000r\000t\000a\000l\000\040\000T\000a\000t\000a\000\040\000K\000e\000l\000o\000l\000a}{section.4.2}% 99
\BOOKMARK [2][-]{subsection.4.2.3}{\376\377\0004\000.\0002\000.\0003\000\040\000P\000o\000r\000t\000a\000l\000\040\000P\000i\000n\000j\000a\000m\000a\000n}{section.4.2}% 100
\BOOKMARK [2][-]{subsection.4.2.4}{\376\377\0004\000.\0002\000.\0004\000\040\000H\000a\000l\000a\000m\000a\000n\000\040\000K\000e\000p\000a\000t\000u\000h\000a\000n\000\040\000R\000e\000g\000u\000l\000a\000s\000i}{section.4.2}% 101
\BOOKMARK [1][-]{section.4.3}{\376\377\0004\000.\0003\000\040\000H\000a\000s\000i\000l\000\040\000P\000e\000n\000g\000u\000j\000i\000a\000n\000\040\000K\000e\000p\000a\000t\000u\000h\000a\000n\000\040\000U\000U\000\040\0002\0005\000/\0001\0009\0009\0002}{chapter.4}% 102
\BOOKMARK [1][-]{section.4.4}{\376\377\0004\000.\0004\000\040\000A\000n\000a\000l\000i\000s\000i\000s\000\040\000G\000a\000s}{chapter.4}% 103
\BOOKMARK [1][-]{section.4.5}{\376\377\0004\000.\0005\000\040\000P\000e\000r\000b\000a\000n\000d\000i\000n\000g\000a\000n\000\040\000S\000i\000s\000t\000e\000m}{chapter.4}% 104
\BOOKMARK [1][-]{section.4.6}{\376\377\0004\000.\0006\000\040\000V\000a\000l\000i\000d\000a\000s\000i\000\040\000F\000o\000r\000m\000u\000l\000a}{chapter.4}% 105
\BOOKMARK [2][-]{subsection.4.6.1}{\376\377\0004\000.\0006\000.\0001\000\040\000V\000a\000l\000i\000d\000a\000s\000i\000\040\000F\000o\000r\000m\000u\000l\000a\000\040\000B\000u\000n\000g\000a\000\040\000P\000i\000n\000j\000a\000m\000a\000n}{section.4.6}% 106
\BOOKMARK [2][-]{subsection.4.6.2}{\376\377\0004\000.\0006\000.\0002\000\040\000V\000a\000l\000i\000d\000a\000s\000i\000\040\000F\000o\000r\000m\000u\000l\000a\000\040\000K\000u\000o\000r\000u\000m}{section.4.6}% 107
\BOOKMARK [2][-]{subsection.4.6.3}{\376\377\0004\000.\0006\000.\0003\000\040\000V\000a\000l\000i\000d\000a\000s\000i\000\040\000F\000o\000r\000m\000u\000l\000a\000\040\000D\000i\000s\000t\000r\000i\000b\000u\000s\000i\000\040\000S\000H\000U}{section.4.6}% 108
\BOOKMARK [0][-]{chapter.5}{\376\377\000V\000\040\000P\000e\000n\000u\000t\000u\000p}{}% 109
\BOOKMARK [1][-]{section.5.1}{\376\377\0005\000.\0001\000\040\000K\000e\000s\000i\000m\000p\000u\000l\000a\000n}{chapter.5}% 110
\BOOKMARK [1][-]{section.5.2}{\376\377\0005\000.\0002\000\040\000S\000a\000r\000a\000n}{chapter.5}% 111
\BOOKMARK [0][-]{section*.44}{\376\377\000D\000A\000F\000T\000A\000R\000\040\000P\000U\000S\000T\000A\000K\000A}{}% 112
\BOOKMARK [0][-]{section*.45}{\376\377\000L\000A\000M\000P\000I\000R\000A\000N}{}% 113
\BOOKMARK [1][-]{section.Alph0.1}{\376\377\000L\000.\0001\000\040\000D\000a\000f\000t\000a\000r\000\040\000S\000m\000a\000r\000t\000\040\000C\000o\000n\000t\000r\000a\000c\000t\000\040\000L\000a\000k\000o\000m\000i}{section*.45}% 114
\BOOKMARK [1][-]{section.Alph0.2}{\376\377\000L\000.\0002\000\040\000S\000t\000r\000u\000k\000t\000u\000r\000\040\000D\000a\000t\000a\000\040\000U\000t\000a\000m\000a}{section*.45}% 115
\BOOKMARK [2][-]{subsection.Alph0.2.1}{\376\377\000L\000.\0002\000.\0001\000\040\000L\000a\000k\000o\000m\000i\000T\000o\000k\000e\000n\000\040\040\024\000\040\000K\000e\000a\000n\000g\000g\000o\000t\000a\000a\000n}{section.Alph0.2}% 116
\BOOKMARK [2][-]{subsection.Alph0.2.2}{\376\377\000L\000.\0002\000.\0002\000\040\000L\000a\000k\000o\000m\000i\000V\000a\000u\000l\000t\000\040\040\024\000\040\000S\000i\000m\000p\000a\000n\000a\000n\000\040\000d\000a\000n\000\040\000S\000H\000U}{section.Alph0.2}% 117
\BOOKMARK [2][-]{subsection.Alph0.2.3}{\376\377\000L\000.\0002\000.\0003\000\040\000L\000a\000k\000o\000m\000i\000G\000o\000v\000e\000r\000n\000\040\040\024\000\040\000P\000r\000o\000p\000o\000s\000a\000l\000\040\000d\000a\000n\000\040\000P\000e\000m\000i\000l\000i\000h\000a\000n}{section.Alph0.2}% 118
\BOOKMARK [2][-]{subsection.Alph0.2.4}{\376\377\000L\000.\0002\000.\0004\000\040\000L\000a\000k\000o\000m\000i\000L\000o\000a\000n\000s\000\040\040\024\000\040\000P\000i\000n\000j\000a\000m\000a\000n}{section.Alph0.2}% 119
\BOOKMARK [1][-]{section.Alph0.3}{\376\377\000L\000.\0003\000\040\000D\000i\000a\000g\000r\000a\000m\000\040\000A\000l\000u\000r\000\040\000T\000r\000a\000n\000s\000a\000k\000s\000i}{section*.45}% 120
\BOOKMARK [1][-]{section.Alph0.4}{\376\377\000L\000.\0004\000\040\000K\000o\000n\000f\000i\000g\000u\000r\000a\000s\000i\000\040\000R\000o\000l\000e\000-\000B\000a\000s\000e\000d\000\040\000A\000c\000c\000e\000s\000s\000\040\000C\000o\000n\000t\000r\000o\000l}{section*.45}% 121
\BOOKMARK [1][-]{section.Alph0.5}{\376\377\000L\000.\0005\000\040\000D\000a\000f\000t\000a\000r\000\040\000S\000m\000a\000r\000t\000\040\000C\000o\000n\000t\000r\000a\000c\000t\000\040\000L\000a\000k\000o\000m\000i}{section*.45}% 122
\BOOKMARK [1][-]{section.Alph0.6}{\376\377\000L\000.\0006\000\040\000S\000t\000r\000u\000k\000t\000u\000r\000\040\000D\000a\000t\000a\000\040\000U\000t\000a\000m\000a}{section*.45}% 123
\BOOKMARK [2][-]{subsection.Alph0.6.1}{\376\377\000L\000.\0006\000.\0001\000\040\000L\000a\000k\000o\000m\000i\000T\000o\000k\000e\000n\000\040\040\024\000\040\000K\000e\000a\000n\000g\000g\000o\000t\000a\000a\000n}{section.Alph0.6}% 124
\BOOKMARK [2][-]{subsection.Alph0.6.2}{\376\377\000L\000.\0006\000.\0002\000\040\000L\000a\000k\000o\000m\000i\000V\000a\000u\000l\000t\000\040\040\024\000\040\000S\000i\000m\000p\000a\000n\000a\000n\000\040\000d\000a\000n\000\040\000S\000H\000U}{section.Alph0.6}% 125
\BOOKMARK [2][-]{subsection.Alph0.6.3}{\376\377\000L\000.\0006\000.\0003\000\040\000L\000a\000k\000o\000m\000i\000G\000o\000v\000e\000r\000n\000\040\040\024\000\040\000P\000r\000o\000p\000o\000s\000a\000l\000\040\000d\000a\000n\000\040\000P\000e\000m\000i\000l\000i\000h\000a\000n}{section.Alph0.6}% 126
\BOOKMARK [2][-]{subsection.Alph0.6.4}{\376\377\000L\000.\0006\000.\0004\000\040\000L\000a\000k\000o\000m\000i\000L\000o\000a\000n\000s\000\040\040\024\000\040\000P\000i\000n\000j\000a\000m\000a\000n}{section.Alph0.6}% 127
\BOOKMARK [1][-]{section.Alph0.7}{\376\377\000L\000.\0007\000\040\000D\000i\000a\000g\000r\000a\000m\000\040\000A\000l\000u\000r\000\040\000T\000r\000a\000n\000s\000a\000k\000s\000i}{section*.45}% 128
\BOOKMARK [1][-]{section.Alph0.8}{\376\377\000L\000.\0008\000\040\000K\000o\000n\000f\000i\000g\000u\000r\000a\000s\000i\000\040\000R\000o\000l\000e\000-\000B\000a\000s\000e\000d\000\040\000A\000c\000c\000e\000s\000s\000\040\000C\000o\000n\000t\000r\000o\000l}{section*.45}% 129
