This is pdfTeX, Version 3.141592653-2.6-1.40.25 (TeX Live 2023/Debian) (preloaded format=pdflatex 2026.6.2)  3 JUN 2026 07:06
entering extended mode
 restricted \write18 enabled.
 %&-line parsing enabled.
**main.tex
(./main.tex
LaTeX2e <2023-11-01> patch level 1
L3 programming layer <2024-01-22>
(./thesisdtetiugm.cls
Document Class: thesisdtetiugm 2018/02/08
(/usr/share/texlive/texmf-dist/tex/generic/babel/babel.sty
Package: babel 2024/01/07 v24.1 The Babel package
\babel@savecnt=\count187
\U@D=\dimen140
\l@unhyphenated=\language32

(/usr/share/texlive/texmf-dist/tex/generic/babel/txtbabel.def)
\bbl@readstream=\read2
\bbl@dirlevel=\count188

(/usr/share/texlive/texmf-dist/tex/generic/babel-indonesian/bahasa.ldf
Language: bahasa 2017/02/15 v1.0m Bahasa Indonesia support from the babel syste
m

(/usr/share/texlive/texmf-dist/tex/generic/babel-indonesian/indonesian.ldf
Language: indonesian 2017/02/15 v1.0m Bahasa Indonesia support from the babel s
ystem
))
(/usr/share/texlive/texmf-dist/tex/generic/babel-english/english.ldf
Language: english 2017/06/06 v3.3r English support from the babel system
Package babel Info: Hyphen rules for 'british' set to \l@english
(babel)             (\language0). Reported on input line 82.
Package babel Info: Hyphen rules for 'UKenglish' set to \l@english
(babel)             (\language0). Reported on input line 83.
Package babel Info: Hyphen rules for 'canadian' set to \l@english
(babel)             (\language0). Reported on input line 102.
Package babel Info: Hyphen rules for 'australian' set to \l@english
(babel)             (\language0). Reported on input line 105.
Package babel Info: Hyphen rules for 'newzealand' set to \l@english
(babel)             (\language0). Reported on input line 108.
)

Package babel Warning: Last declared language option is 'bahasa',
(babel)                but the last processed one was 'english'.
(babel)                The main language can't be set as both a global
(babel)                and a package option. Use 'main=bahasa' as
(babel)                option. Reported on input line 4311.

) (/usr/share/texlive/texmf-dist/tex/generic/babel/locale/en/babel-english.tex
Package babel Info: Importing font and identification data for english
(babel)             from babel-en.ini. Reported on input line 11.
) (/usr/share/texlive/texmf-dist/tex/latex/etoolbox/etoolbox.sty
Package: etoolbox 2020/10/05 v2.5k e-TeX tools for LaTeX (JAW)
\etb@tempcnta=\count189
)
(/usr/share/texlive/texmf-dist/tex/latex/tools/indentfirst.sty
Package: indentfirst 2023/07/02 v1.03 Indent first paragraph (DPC)
)
(/usr/share/texlive/texmf-dist/tex/latex/setspace/setspace.sty
Package: setspace 2022/12/04 v6.7b set line spacing
)
(/usr/share/texlive/texmf-dist/tex/latex/psnfss/times.sty
Package: times 2020/03/25 PSNFSS-v9.3 (SPQR) 
)
(/usr/share/texlive/texmf-dist/tex/latex/base/fontenc.sty
Package: fontenc 2021/04/29 v2.0v Standard LaTeX package
LaTeX Font Info:    Trying to load font information for T1+ptm on input line 11
2.

(/usr/share/texlive/texmf-dist/tex/latex/psnfss/t1ptm.fd
File: t1ptm.fd 2001/06/04 font definitions for T1/ptm.
))
(/usr/share/texlive/texmf-dist/tex/latex/graphics/graphicx.sty
Package: graphicx 2021/09/16 v1.2d Enhanced LaTeX Graphics (DPC,SPQR)

(/usr/share/texlive/texmf-dist/tex/latex/graphics/keyval.sty
Package: keyval 2022/05/29 v1.15 key=value parser (DPC)
\KV@toks@=\toks17
)
(/usr/share/texlive/texmf-dist/tex/latex/graphics/graphics.sty
Package: graphics 2022/03/10 v1.4e Standard LaTeX Graphics (DPC,SPQR)

(/usr/share/texlive/texmf-dist/tex/latex/graphics/trig.sty
Package: trig 2021/08/11 v1.11 sin cos tan (DPC)
)
(/usr/share/texlive/texmf-dist/tex/latex/graphics-cfg/graphics.cfg
File: graphics.cfg 2016/06/04 v1.11 sample graphics configuration
)
Package graphics Info: Driver file: pdftex.def on input line 107.

(/usr/share/texlive/texmf-dist/tex/latex/graphics-def/pdftex.def
File: pdftex.def 2022/09/22 v1.2b Graphics/color driver for pdftex
))
\Gin@req@height=\dimen141
\Gin@req@width=\dimen142
)
(/usr/share/texlive/texmf-dist/tex/latex/tools/calc.sty
Package: calc 2023/07/08 v4.3 Infix arithmetic (KKT,FJ)
\calc@Acount=\count190
\calc@Bcount=\count191
\calc@Adimen=\dimen143
\calc@Bdimen=\dimen144
\calc@Askip=\skip48
\calc@Bskip=\skip49
LaTeX Info: Redefining \setlength on input line 80.
LaTeX Info: Redefining \addtolength on input line 81.
\calc@Ccount=\count192
\calc@Cskip=\skip50
)
(/usr/share/texlive/texmf-dist/tex/latex/pdfpages/pdfpages.sty
Package: pdfpages 2024/01/21 v0.5y Insert pages of external PDF documents (AM)

(/usr/share/texlive/texmf-dist/tex/latex/base/ifthen.sty
Package: ifthen 2022/04/13 v1.1d Standard LaTeX ifthen package (DPC)
)
(/usr/share/texlive/texmf-dist/tex/latex/eso-pic/eso-pic.sty
Package: eso-pic 2023/05/03 v3.0c eso-pic (RN)
\ESO@tempdima=\dimen145
\ESO@tempdimb=\dimen146

(/usr/share/texlive/texmf-dist/tex/latex/xcolor/xcolor.sty
Package: xcolor 2023/11/15 v3.01 LaTeX color extensions (UK)

(/usr/share/texlive/texmf-dist/tex/latex/graphics-cfg/color.cfg
File: color.cfg 2016/01/02 v1.6 sample color configuration
)
Package xcolor Info: Driver file: pdftex.def on input line 274.

(/usr/share/texlive/texmf-dist/tex/latex/graphics/mathcolor.ltx)
Package xcolor Info: Model `cmy' substituted by `cmy0' on input line 1350.
Package xcolor Info: Model `hsb' substituted by `rgb' on input line 1354.
Package xcolor Info: Model `RGB' extended on input line 1366.
Package xcolor Info: Model `HTML' substituted by `rgb' on input line 1368.
Package xcolor Info: Model `Hsb' substituted by `hsb' on input line 1369.
Package xcolor Info: Model `tHsb' substituted by `hsb' on input line 1370.
Package xcolor Info: Model `HSB' substituted by `hsb' on input line 1371.
Package xcolor Info: Model `Gray' substituted by `gray' on input line 1372.
Package xcolor Info: Model `wave' substituted by `hsb' on input line 1373.
))
\AM@pagewidth=\dimen147
\AM@pageheight=\dimen148
\AM@fboxrule=\dimen149

(/usr/share/texlive/texmf-dist/tex/latex/pdfpages/pppdftex.def
File: pppdftex.def 2024/01/21 v0.5y Pdfpages driver for pdfTeX (AM)
)
\pdfpages@includegraphics@status=\count193
\AM@pagebox=\box51
\AM@global@opts=\toks18
\AM@pagecnt=\count194
\AM@toc@title=\toks19
\AM@lof@heading=\toks20
\c@AM@survey=\count195
\AM@templatesizebox=\box52
)
(/usr/share/texlive/texmf-dist/tex/latex/base/report.cls
Document Class: report 2023/05/17 v1.4n Standard LaTeX document class
(/usr/share/texlive/texmf-dist/tex/latex/base/size12.clo
File: size12.clo 2023/05/17 v1.4n Standard LaTeX file (size option)
)
\c@part=\count196
\c@chapter=\count197
\c@section=\count198
\c@subsection=\count199
\c@subsubsection=\count266
\c@paragraph=\count267
\c@subparagraph=\count268
\c@figure=\count269
\c@table=\count270
\abovecaptionskip=\skip51
\belowcaptionskip=\skip52
\bibindent=\dimen150
)
(/usr/share/texlive/texmf-dist/tex/latex/geometry/geometry.sty
Package: geometry 2020/01/02 v5.9 Page Geometry

(/usr/share/texlive/texmf-dist/tex/generic/iftex/ifvtex.sty
Package: ifvtex 2019/10/25 v1.7 ifvtex legacy package. Use iftex instead.

(/usr/share/texlive/texmf-dist/tex/generic/iftex/iftex.sty
Package: iftex 2022/02/03 v1.0f TeX engine tests
))
\Gm@cnth=\count271
\Gm@cntv=\count272
\c@Gm@tempcnt=\count273
\Gm@bindingoffset=\dimen151
\Gm@wd@mp=\dimen152
\Gm@odd@mp=\dimen153
\Gm@even@mp=\dimen154
\Gm@layoutwidth=\dimen155
\Gm@layoutheight=\dimen156
\Gm@layouthoffset=\dimen157
\Gm@layoutvoffset=\dimen158
\Gm@dimlist=\toks21
)
(/usr/share/texlive/texmf-dist/tex/latex/caption/subcaption.sty
Package: subcaption 2023/07/28 v1.6b Sub-captions (AR)

(/usr/share/texlive/texmf-dist/tex/latex/caption/caption.sty
Package: caption 2023/08/05 v3.6o Customizing captions (AR)

(/usr/share/texlive/texmf-dist/tex/latex/caption/caption3.sty
Package: caption3 2023/07/31 v2.4d caption3 kernel (AR)
\caption@tempdima=\dimen159
\captionmargin=\dimen160
\caption@leftmargin=\dimen161
\caption@rightmargin=\dimen162
\caption@width=\dimen163
\caption@indent=\dimen164
\caption@parindent=\dimen165
\caption@hangindent=\dimen166
Package caption Info: Standard document class detected.
)
\c@caption@flags=\count274
\c@continuedfloat=\count275
)
Package caption Info: New subtype `subfigure' on input line 238.
\c@subfigure=\count276
Package caption Info: New subtype `subtable' on input line 238.
\c@subtable=\count277
)
Package caption Info: Option `figurewithin=none' requires the `newfloat' packag
e on input line 67.

(/usr/share/texlive/texmf-dist/tex/latex/newfloat/newfloat.sty
Package: newfloat 2023/10/01 v1.2 Defining new floating environments (AR)
Package newfloat Info: Document class `report' detected (original).
)
(/usr/share/texlive/texmf-dist/tex/latex/tocloft/tocloft.sty
Package: tocloft 2017/08/31 v2.3i parameterised ToC, etc., typesetting
Package tocloft Info: The document has chapter divisions on input line 51.
\cftparskip=\skip53
\cftbeforetoctitleskip=\skip54
\cftaftertoctitleskip=\skip55
\cftbeforepartskip=\skip56
\cftpartnumwidth=\skip57
\cftpartindent=\skip58
\cftbeforechapskip=\skip59
\cftchapindent=\skip60
\cftchapnumwidth=\skip61
\cftbeforesecskip=\skip62
\cftsecindent=\skip63
\cftsecnumwidth=\skip64
\cftbeforesubsecskip=\skip65
\cftsubsecindent=\skip66
\cftsubsecnumwidth=\skip67
\cftbeforesubsubsecskip=\skip68
\cftsubsubsecindent=\skip69
\cftsubsubsecnumwidth=\skip70
\cftbeforeparaskip=\skip71
\cftparaindent=\skip72
\cftparanumwidth=\skip73
\cftbeforesubparaskip=\skip74
\cftsubparaindent=\skip75
\cftsubparanumwidth=\skip76
\cftbeforeloftitleskip=\skip77
\cftafterloftitleskip=\skip78
\cftbeforefigskip=\skip79
\cftfigindent=\skip80
\cftfignumwidth=\skip81
\c@lofdepth=\count278
\c@lotdepth=\count279
\cftbeforelottitleskip=\skip82
\cftafterlottitleskip=\skip83
\cftbeforetabskip=\skip84
\cfttabindent=\skip85
\cfttabnumwidth=\skip86
)
(/usr/share/texlive/texmf-dist/tex/latex/fancyhdr/fancyhdr.sty
Package: fancyhdr 2022/11/09 v4.1 Extensive control of page headers and footers

\f@nch@headwidth=\skip87
\f@nch@O@elh=\skip88
\f@nch@O@erh=\skip89
\f@nch@O@olh=\skip90
\f@nch@O@orh=\skip91
\f@nch@O@elf=\skip92
\f@nch@O@erf=\skip93
\f@nch@O@olf=\skip94
\f@nch@O@orf=\skip95
)
(/usr/share/texlive/texmf-dist/tex/latex/amsmath/amsmath.sty
Package: amsmath 2023/05/13 v2.17o AMS math features
\@mathmargin=\skip96

For additional information on amsmath, use the `?' option.
(/usr/share/texlive/texmf-dist/tex/latex/amsmath/amstext.sty
Package: amstext 2021/08/26 v2.01 AMS text

(/usr/share/texlive/texmf-dist/tex/latex/amsmath/amsgen.sty
File: amsgen.sty 1999/11/30 v2.0 generic functions
\@emptytoks=\toks22
\ex@=\dimen167
))
(/usr/share/texlive/texmf-dist/tex/latex/amsmath/amsbsy.sty
Package: amsbsy 1999/11/29 v1.2d Bold Symbols
\pmbraise@=\dimen168
)
(/usr/share/texlive/texmf-dist/tex/latex/amsmath/amsopn.sty
Package: amsopn 2022/04/08 v2.04 operator names
)
\inf@bad=\count280
LaTeX Info: Redefining \frac on input line 234.
\uproot@=\count281
\leftroot@=\count282
LaTeX Info: Redefining \overline on input line 399.
LaTeX Info: Redefining \colon on input line 410.
\classnum@=\count283
\DOTSCASE@=\count284
LaTeX Info: Redefining \ldots on input line 496.
LaTeX Info: Redefining \dots on input line 499.
LaTeX Info: Redefining \cdots on input line 620.
\Mathstrutbox@=\box53
\strutbox@=\box54
LaTeX Info: Redefining \big on input line 722.
LaTeX Info: Redefining \Big on input line 723.
LaTeX Info: Redefining \bigg on input line 724.
LaTeX Info: Redefining \Bigg on input line 725.
\big@size=\dimen169
LaTeX Font Info:    Redeclaring font encoding OML on input line 743.
LaTeX Font Info:    Redeclaring font encoding OMS on input line 744.
\macc@depth=\count285
LaTeX Info: Redefining \bmod on input line 905.
LaTeX Info: Redefining \pmod on input line 910.
LaTeX Info: Redefining \smash on input line 940.
LaTeX Info: Redefining \relbar on input line 970.
LaTeX Info: Redefining \Relbar on input line 971.
\c@MaxMatrixCols=\count286
\dotsspace@=\muskip16
\c@parentequation=\count287
\dspbrk@lvl=\count288
\tag@help=\toks23
\row@=\count289
\column@=\count290
\maxfields@=\count291
\andhelp@=\toks24
\eqnshift@=\dimen170
\alignsep@=\dimen171
\tagshift@=\dimen172
\tagwidth@=\dimen173
\totwidth@=\dimen174
\lineht@=\dimen175
\@envbody=\toks25
\multlinegap=\skip97
\multlinetaggap=\skip98
\mathdisplay@stack=\toks26
LaTeX Info: Redefining \[ on input line 2953.
LaTeX Info: Redefining \] on input line 2954.
)
(/usr/share/texlive/texmf-dist/tex/latex/cite/cite.sty
LaTeX Info: Redefining \cite on input line 302.
LaTeX Info: Redefining \nocite on input line 332.
Package: cite 2015/02/27  v 5.5
)
(/usr/share/texlive/texmf-dist/tex/latex/multirow/multirow.sty
Package: multirow 2021/03/15 v2.8 Span multiple rows of a table
\multirow@colwidth=\skip99
\multirow@cntb=\count292
\multirow@dima=\skip100
\bigstrutjot=\dimen176
)
(/usr/share/texlive/texmf-dist/tex/latex/titlesec/titlesec.sty
Package: titlesec 2023/10/27 v2.16 Sectioning titles
\ttl@box=\box55
\beforetitleunit=\skip101
\aftertitleunit=\skip102
\ttl@plus=\dimen177
\ttl@minus=\dimen178
\ttl@toksa=\toks27
\titlewidth=\dimen179
\titlewidthlast=\dimen180
\titlewidthfirst=\dimen181
)
(/usr/share/texlive/texmf-dist/tex/latex/ragged2e/ragged2e.sty
Package: ragged2e 2023/06/22 v3.6 ragged2e Package
\CenteringLeftskip=\skip103
\RaggedLeftLeftskip=\skip104
\RaggedRightLeftskip=\skip105
\CenteringRightskip=\skip106
\RaggedLeftRightskip=\skip107
\RaggedRightRightskip=\skip108
\CenteringParfillskip=\skip109
\RaggedLeftParfillskip=\skip110
\RaggedRightParfillskip=\skip111
\JustifyingParfillskip=\skip112
\CenteringParindent=\skip113
\RaggedLeftParindent=\skip114
\RaggedRightParindent=\skip115
\JustifyingParindent=\skip116
)
(/usr/share/texlive/texmf-dist/tex/latex/algorithms/algorithm.sty
Package: algorithm 2009/08/24 v0.1 Document Style `algorithm' - floating enviro
nment

(/usr/share/texlive/texmf-dist/tex/latex/float/float.sty
Package: float 2001/11/08 v1.3d Float enhancements (AL)
\c@float@type=\count293
\float@exts=\toks28
\float@box=\box56
\@float@everytoks=\toks29
\@floatcapt=\box57
)
\@float@every@algorithm=\toks30
\c@algorithm=\count294
)
(/usr/share/texlive/texmf-dist/tex/latex/algorithmicx/algcompatible.sty
Package: algcompatible 

(/usr/share/texlive/texmf-dist/tex/latex/algorithmicx/algorithmicx.sty
Package: algorithmicx 2005/04/27 v1.2 Algorithmicx

Document Style algorithmicx 1.2 - a greatly improved `algorithmic' style
\c@ALG@line=\count295
\c@ALG@rem=\count296
\c@ALG@nested=\count297
\ALG@tlm=\skip117
\ALG@thistlm=\skip118
\c@ALG@Lnr=\count298
\c@ALG@blocknr=\count299
\c@ALG@storecount=\count300
\c@ALG@tmpcounter=\count301
\ALG@tmplength=\skip119
)
Document Style - algorithmic compatible environments for the `algorithmicx' sty
le
) (/usr/share/texlive/texmf-dist/tex/latex/algorithmicx/algpseudocode.sty
Package: algpseudocode 

Document Style - pseudocode environments for use with the `algorithmicx' style
) (/usr/share/texlive/texmf-dist/tex/latex/listings/listings.sty
\lst@mode=\count302
\lst@gtempboxa=\box58
\lst@token=\toks31
\lst@length=\count303
\lst@currlwidth=\dimen182
\lst@column=\count304
\lst@pos=\count305
\lst@lostspace=\dimen183
\lst@width=\dimen184
\lst@newlines=\count306
\lst@lineno=\count307
\lst@maxwidth=\dimen185

(/usr/share/texlive/texmf-dist/tex/latex/listings/lstmisc.sty
File: lstmisc.sty 2023/02/27 1.9 (Carsten Heinz)
\c@lstnumber=\count308
\lst@skipnumbers=\count309
\lst@framebox=\box59
)
(/usr/share/texlive/texmf-dist/tex/latex/listings/listings.cfg
File: listings.cfg 2023/02/27 1.9 listings configuration
))
Package: listings 2023/02/27 1.9 (Carsten Heinz)

(/usr/share/texlive/texmf-dist/tex/latex/url/url.sty
\Urlmuskip=\muskip17
Package: url 2013/09/16  ver 3.4  Verb mode for urls, etc.
)
(/usr/share/texlive/texmf-dist/tex/latex/forloop/forloop.sty
Package: forloop 2023/05/03 v3.0 For Loops for LaTeX
)
(/usr/share/texlive/texmf-dist/tex/latex/tools/longtable.sty
Package: longtable 2023-11-01 v4.19 Multi-page Table package (DPC)
\LTleft=\skip120
\LTright=\skip121
\LTpre=\skip122
\LTpost=\skip123
\LTchunksize=\count310
\LTcapwidth=\dimen186
\LT@head=\box60
\LT@firsthead=\box61
\LT@foot=\box62
\LT@lastfoot=\box63
\LT@gbox=\box64
\LT@cols=\count311
\LT@rows=\count312
\c@LT@tables=\count313
\c@LT@chunks=\count314
\LT@p@ftn=\toks32
)
(/usr/share/texlive/texmf-dist/tex/latex/enumitem/enumitem.sty
Package: enumitem 2019/06/20 v3.9 Customized lists
\labelindent=\skip124
\enit@outerparindent=\dimen187
\enit@toks=\toks33
\enit@inbox=\box65
\enit@count@id=\count315
\enitdp@description=\count316
)
(/usr/share/texlive/texmf-dist/tex/latex/hyperref/hyperref.sty
Package: hyperref 2024-01-20 v7.01h Hypertext links for LaTeX

(/usr/share/texlive/texmf-dist/tex/latex/kvsetkeys/kvsetkeys.sty
Package: kvsetkeys 2022-10-05 v1.19 Key value parser (HO)
)
(/usr/share/texlive/texmf-dist/tex/generic/kvdefinekeys/kvdefinekeys.sty
Package: kvdefinekeys 2019-12-19 v1.6 Define keys (HO)
)
(/usr/share/texlive/texmf-dist/tex/generic/pdfescape/pdfescape.sty
Package: pdfescape 2019/12/09 v1.15 Implements pdfTeX's escape features (HO)

(/usr/share/texlive/texmf-dist/tex/generic/ltxcmds/ltxcmds.sty
Package: ltxcmds 2023-12-04 v1.26 LaTeX kernel commands for general use (HO)
)
(/usr/share/texlive/texmf-dist/tex/generic/pdftexcmds/pdftexcmds.sty
Package: pdftexcmds 2020-06-27 v0.33 Utility functions of pdfTeX for LuaTeX (HO
)

(/usr/share/texlive/texmf-dist/tex/generic/infwarerr/infwarerr.sty
Package: infwarerr 2019/12/03 v1.5 Providing info/warning/error messages (HO)
)
Package pdftexcmds Info: \pdf@primitive is available.
Package pdftexcmds Info: \pdf@ifprimitive is available.
Package pdftexcmds Info: \pdfdraftmode found.
))
(/usr/share/texlive/texmf-dist/tex/latex/hycolor/hycolor.sty
Package: hycolor 2020-01-27 v1.10 Color options for hyperref/bookmark (HO)
)
(/usr/share/texlive/texmf-dist/tex/latex/auxhook/auxhook.sty
Package: auxhook 2019-12-17 v1.6 Hooks for auxiliary files (HO)
)
(/usr/share/texlive/texmf-dist/tex/latex/hyperref/nameref.sty
Package: nameref 2023-11-26 v2.56 Cross-referencing by name of section

(/usr/share/texlive/texmf-dist/tex/latex/refcount/refcount.sty
Package: refcount 2019/12/15 v3.6 Data extraction from label references (HO)
)
(/usr/share/texlive/texmf-dist/tex/generic/gettitlestring/gettitlestring.sty
Package: gettitlestring 2019/12/15 v1.6 Cleanup title references (HO)

(/usr/share/texlive/texmf-dist/tex/latex/kvoptions/kvoptions.sty
Package: kvoptions 2022-06-15 v3.15 Key value format for package options (HO)
))
\c@section@level=\count317
)
\@linkdim=\dimen188
\Hy@linkcounter=\count318
\Hy@pagecounter=\count319

(/usr/share/texlive/texmf-dist/tex/latex/hyperref/pd1enc.def
File: pd1enc.def 2024-01-20 v7.01h Hyperref: PDFDocEncoding definition (HO)
Now handling font encoding PD1 ...
... no UTF-8 mapping file for font encoding PD1
)
(/usr/share/texlive/texmf-dist/tex/generic/intcalc/intcalc.sty
Package: intcalc 2019/12/15 v1.3 Expandable calculations with integers (HO)
)
\Hy@SavedSpaceFactor=\count320

(/usr/share/texlive/texmf-dist/tex/latex/hyperref/puenc.def
File: puenc.def 2024-01-20 v7.01h Hyperref: PDF Unicode definition (HO)
Now handling font encoding PU ...
... no UTF-8 mapping file for font encoding PU
)
Package hyperref Info: Option `bookmarks' set `true' on input line 4062.
Package hyperref Info: Option `bookmarksnumbered' set `true' on input line 4062
.
Package hyperref Info: Hyper figures OFF on input line 4179.
Package hyperref Info: Link nesting OFF on input line 4184.
Package hyperref Info: Hyper index ON on input line 4187.
Package hyperref Info: Plain pages OFF on input line 4194.
Package hyperref Info: Backreferencing OFF on input line 4199.
Package hyperref Info: Implicit mode ON; LaTeX internals redefined.
Package hyperref Info: Bookmarks ON on input line 4446.
\c@Hy@tempcnt=\count321
LaTeX Info: Redefining \url on input line 4784.
\XeTeXLinkMargin=\dimen189

(/usr/share/texlive/texmf-dist/tex/generic/bitset/bitset.sty
Package: bitset 2019/12/09 v1.3 Handle bit-vector datatype (HO)

(/usr/share/texlive/texmf-dist/tex/generic/bigintcalc/bigintcalc.sty
Package: bigintcalc 2019/12/15 v1.5 Expandable calculations on big integers (HO
)
))
\Fld@menulength=\count322
\Field@Width=\dimen190
\Fld@charsize=\dimen191
Package hyperref Info: Hyper figures OFF on input line 6063.
Package hyperref Info: Link nesting OFF on input line 6068.
Package hyperref Info: Hyper index ON on input line 6071.
Package hyperref Info: backreferencing OFF on input line 6078.
Package hyperref Info: Link coloring OFF on input line 6083.
Package hyperref Info: Link coloring with OCG OFF on input line 6088.
Package hyperref Info: PDF/A mode OFF on input line 6093.

(/usr/share/texlive/texmf-dist/tex/latex/base/atbegshi-ltx.sty
Package: atbegshi-ltx 2021/01/10 v1.0c Emulation of the original atbegshi
package with kernel methods
)
\Hy@abspage=\count323
\c@Item=\count324
\c@Hfootnote=\count325
)
Package hyperref Info: Driver (autodetected): hpdftex.

(/usr/share/texlive/texmf-dist/tex/latex/hyperref/hpdftex.def
File: hpdftex.def 2024-01-20 v7.01h Hyperref driver for pdfTeX

(/usr/share/texlive/texmf-dist/tex/latex/base/atveryend-ltx.sty
Package: atveryend-ltx 2020/08/19 v1.0a Emulation of the original atveryend pac
kage
with kernel methods
)
\Fld@listcount=\count326
\c@bookmark@seq@number=\count327

(/usr/share/texlive/texmf-dist/tex/latex/rerunfilecheck/rerunfilecheck.sty
Package: rerunfilecheck 2022-07-10 v1.10 Rerun checks for auxiliary files (HO)

(/usr/share/texlive/texmf-dist/tex/generic/uniquecounter/uniquecounter.sty
Package: uniquecounter 2019/12/15 v1.4 Provide unlimited unique counter (HO)
)
Package uniquecounter Info: New unique counter `rerunfilecheck' on input line 2
85.
)
\Hy@SectionHShift=\skip125
)
(/usr/share/texlive/texmf-dist/tex/latex/pgf/frontendlayer/tikz.sty
(/usr/share/texlive/texmf-dist/tex/latex/pgf/basiclayer/pgf.sty
(/usr/share/texlive/texmf-dist/tex/latex/pgf/utilities/pgfrcs.sty
(/usr/share/texlive/texmf-dist/tex/generic/pgf/utilities/pgfutil-common.tex
\pgfutil@everybye=\toks34
\pgfutil@tempdima=\dimen192
\pgfutil@tempdimb=\dimen193
)
(/usr/share/texlive/texmf-dist/tex/generic/pgf/utilities/pgfutil-latex.def
\pgfutil@abb=\box66
)
(/usr/share/texlive/texmf-dist/tex/generic/pgf/utilities/pgfrcs.code.tex
(/usr/share/texlive/texmf-dist/tex/generic/pgf/pgf.revision.tex)
Package: pgfrcs 2023-01-15 v3.1.10 (3.1.10)
))
Package: pgf 2023-01-15 v3.1.10 (3.1.10)

(/usr/share/texlive/texmf-dist/tex/latex/pgf/basiclayer/pgfcore.sty
(/usr/share/texlive/texmf-dist/tex/latex/pgf/systemlayer/pgfsys.sty
(/usr/share/texlive/texmf-dist/tex/generic/pgf/systemlayer/pgfsys.code.tex
Package: pgfsys 2023-01-15 v3.1.10 (3.1.10)

(/usr/share/texlive/texmf-dist/tex/generic/pgf/utilities/pgfkeys.code.tex
\pgfkeys@pathtoks=\toks35
\pgfkeys@temptoks=\toks36

(/usr/share/texlive/texmf-dist/tex/generic/pgf/utilities/pgfkeyslibraryfiltered
.code.tex
\pgfkeys@tmptoks=\toks37
))
\pgf@x=\dimen194
\pgf@y=\dimen195
\pgf@xa=\dimen196
\pgf@ya=\dimen197
\pgf@xb=\dimen198
\pgf@yb=\dimen199
\pgf@xc=\dimen256
\pgf@yc=\dimen257
\pgf@xd=\dimen258
\pgf@yd=\dimen259
\w@pgf@writea=\write3
\r@pgf@reada=\read3
\c@pgf@counta=\count328
\c@pgf@countb=\count329
\c@pgf@countc=\count330
\c@pgf@countd=\count331
\t@pgf@toka=\toks38
\t@pgf@tokb=\toks39
\t@pgf@tokc=\toks40
\pgf@sys@id@count=\count332
 (/usr/share/texlive/texmf-dist/tex/generic/pgf/systemlayer/pgf.cfg
File: pgf.cfg 2023-01-15 v3.1.10 (3.1.10)
)
Driver file for pgf: pgfsys-pdftex.def
(/usr/share/texlive/texmf-dist/tex/generic/pgf/systemlayer/pgfsys-pdftex.def
File: pgfsys-pdftex.def 2023-01-15 v3.1.10 (3.1.10)

(/usr/share/texlive/texmf-dist/tex/generic/pgf/systemlayer/pgfsys-common-pdf.de
f
File: pgfsys-common-pdf.def 2023-01-15 v3.1.10 (3.1.10)
)))
(/usr/share/texlive/texmf-dist/tex/generic/pgf/systemlayer/pgfsyssoftpath.code.
tex
File: pgfsyssoftpath.code.tex 2023-01-15 v3.1.10 (3.1.10)
\pgfsyssoftpath@smallbuffer@items=\count333
\pgfsyssoftpath@bigbuffer@items=\count334
)
(/usr/share/texlive/texmf-dist/tex/generic/pgf/systemlayer/pgfsysprotocol.code.
tex
File: pgfsysprotocol.code.tex 2023-01-15 v3.1.10 (3.1.10)
))
(/usr/share/texlive/texmf-dist/tex/generic/pgf/basiclayer/pgfcore.code.tex
Package: pgfcore 2023-01-15 v3.1.10 (3.1.10)

(/usr/share/texlive/texmf-dist/tex/generic/pgf/math/pgfmath.code.tex
(/usr/share/texlive/texmf-dist/tex/generic/pgf/math/pgfmathutil.code.tex)
(/usr/share/texlive/texmf-dist/tex/generic/pgf/math/pgfmathparser.code.tex
\pgfmath@dimen=\dimen260
\pgfmath@count=\count335
\pgfmath@box=\box67
\pgfmath@toks=\toks41
\pgfmath@stack@operand=\toks42
\pgfmath@stack@operation=\toks43
)
(/usr/share/texlive/texmf-dist/tex/generic/pgf/math/pgfmathfunctions.code.tex)
(/usr/share/texlive/texmf-dist/tex/generic/pgf/math/pgfmathfunctions.basic.code
.tex)
(/usr/share/texlive/texmf-dist/tex/generic/pgf/math/pgfmathfunctions.trigonomet
ric.code.tex)
(/usr/share/texlive/texmf-dist/tex/generic/pgf/math/pgfmathfunctions.random.cod
e.tex)
(/usr/share/texlive/texmf-dist/tex/generic/pgf/math/pgfmathfunctions.comparison
.code.tex)
(/usr/share/texlive/texmf-dist/tex/generic/pgf/math/pgfmathfunctions.base.code.
tex)
(/usr/share/texlive/texmf-dist/tex/generic/pgf/math/pgfmathfunctions.round.code
.tex)
(/usr/share/texlive/texmf-dist/tex/generic/pgf/math/pgfmathfunctions.misc.code.
tex)
(/usr/share/texlive/texmf-dist/tex/generic/pgf/math/pgfmathfunctions.integerari
thmetics.code.tex)
(/usr/share/texlive/texmf-dist/tex/generic/pgf/math/pgfmathcalc.code.tex)
(/usr/share/texlive/texmf-dist/tex/generic/pgf/math/pgfmathfloat.code.tex
\c@pgfmathroundto@lastzeros=\count336
))
(/usr/share/texlive/texmf-dist/tex/generic/pgf/math/pgfint.code.tex)
(/usr/share/texlive/texmf-dist/tex/generic/pgf/basiclayer/pgfcorepoints.code.te
x
File: pgfcorepoints.code.tex 2023-01-15 v3.1.10 (3.1.10)
\pgf@picminx=\dimen261
\pgf@picmaxx=\dimen262
\pgf@picminy=\dimen263
\pgf@picmaxy=\dimen264
\pgf@pathminx=\dimen265
\pgf@pathmaxx=\dimen266
\pgf@pathminy=\dimen267
\pgf@pathmaxy=\dimen268
\pgf@xx=\dimen269
\pgf@xy=\dimen270
\pgf@yx=\dimen271
\pgf@yy=\dimen272
\pgf@zx=\dimen273
\pgf@zy=\dimen274
)
(/usr/share/texlive/texmf-dist/tex/generic/pgf/basiclayer/pgfcorepathconstruct.
code.tex
File: pgfcorepathconstruct.code.tex 2023-01-15 v3.1.10 (3.1.10)
\pgf@path@lastx=\dimen275
\pgf@path@lasty=\dimen276
)
(/usr/share/texlive/texmf-dist/tex/generic/pgf/basiclayer/pgfcorepathusage.code
.tex
File: pgfcorepathusage.code.tex 2023-01-15 v3.1.10 (3.1.10)
\pgf@shorten@end@additional=\dimen277
\pgf@shorten@start@additional=\dimen278
)
(/usr/share/texlive/texmf-dist/tex/generic/pgf/basiclayer/pgfcorescopes.code.te
x
File: pgfcorescopes.code.tex 2023-01-15 v3.1.10 (3.1.10)
\pgfpic=\box68
\pgf@hbox=\box69
\pgf@layerbox@main=\box70
\pgf@picture@serial@count=\count337
)
(/usr/share/texlive/texmf-dist/tex/generic/pgf/basiclayer/pgfcoregraphicstate.c
ode.tex
File: pgfcoregraphicstate.code.tex 2023-01-15 v3.1.10 (3.1.10)
\pgflinewidth=\dimen279
)
(/usr/share/texlive/texmf-dist/tex/generic/pgf/basiclayer/pgfcoretransformation
s.code.tex
File: pgfcoretransformations.code.tex 2023-01-15 v3.1.10 (3.1.10)
\pgf@pt@x=\dimen280
\pgf@pt@y=\dimen281
\pgf@pt@temp=\dimen282
)
(/usr/share/texlive/texmf-dist/tex/generic/pgf/basiclayer/pgfcorequick.code.tex
File: pgfcorequick.code.tex 2023-01-15 v3.1.10 (3.1.10)
)
(/usr/share/texlive/texmf-dist/tex/generic/pgf/basiclayer/pgfcoreobjects.code.t
ex
File: pgfcoreobjects.code.tex 2023-01-15 v3.1.10 (3.1.10)
)
(/usr/share/texlive/texmf-dist/tex/generic/pgf/basiclayer/pgfcorepathprocessing
.code.tex
File: pgfcorepathprocessing.code.tex 2023-01-15 v3.1.10 (3.1.10)
)
(/usr/share/texlive/texmf-dist/tex/generic/pgf/basiclayer/pgfcorearrows.code.te
x
File: pgfcorearrows.code.tex 2023-01-15 v3.1.10 (3.1.10)
\pgfarrowsep=\dimen283
)
(/usr/share/texlive/texmf-dist/tex/generic/pgf/basiclayer/pgfcoreshade.code.tex
File: pgfcoreshade.code.tex 2023-01-15 v3.1.10 (3.1.10)
\pgf@max=\dimen284
\pgf@sys@shading@range@num=\count338
\pgf@shadingcount=\count339
)
(/usr/share/texlive/texmf-dist/tex/generic/pgf/basiclayer/pgfcoreimage.code.tex
File: pgfcoreimage.code.tex 2023-01-15 v3.1.10 (3.1.10)
)
(/usr/share/texlive/texmf-dist/tex/generic/pgf/basiclayer/pgfcoreexternal.code.
tex
File: pgfcoreexternal.code.tex 2023-01-15 v3.1.10 (3.1.10)
\pgfexternal@startupbox=\box71
)
(/usr/share/texlive/texmf-dist/tex/generic/pgf/basiclayer/pgfcorelayers.code.te
x
File: pgfcorelayers.code.tex 2023-01-15 v3.1.10 (3.1.10)
)
(/usr/share/texlive/texmf-dist/tex/generic/pgf/basiclayer/pgfcoretransparency.c
ode.tex
File: pgfcoretransparency.code.tex 2023-01-15 v3.1.10 (3.1.10)
)
(/usr/share/texlive/texmf-dist/tex/generic/pgf/basiclayer/pgfcorepatterns.code.
tex
File: pgfcorepatterns.code.tex 2023-01-15 v3.1.10 (3.1.10)
)
(/usr/share/texlive/texmf-dist/tex/generic/pgf/basiclayer/pgfcorerdf.code.tex
File: pgfcorerdf.code.tex 2023-01-15 v3.1.10 (3.1.10)
)))
(/usr/share/texlive/texmf-dist/tex/generic/pgf/modules/pgfmoduleshapes.code.tex
File: pgfmoduleshapes.code.tex 2023-01-15 v3.1.10 (3.1.10)
\pgfnodeparttextbox=\box72
) (/usr/share/texlive/texmf-dist/tex/generic/pgf/modules/pgfmoduleplot.code.tex
File: pgfmoduleplot.code.tex 2023-01-15 v3.1.10 (3.1.10)
)
(/usr/share/texlive/texmf-dist/tex/latex/pgf/compatibility/pgfcomp-version-0-65
.sty
Package: pgfcomp-version-0-65 2023-01-15 v3.1.10 (3.1.10)
\pgf@nodesepstart=\dimen285
\pgf@nodesepend=\dimen286
)
(/usr/share/texlive/texmf-dist/tex/latex/pgf/compatibility/pgfcomp-version-1-18
.sty
Package: pgfcomp-version-1-18 2023-01-15 v3.1.10 (3.1.10)
)) (/usr/share/texlive/texmf-dist/tex/latex/pgf/utilities/pgffor.sty
(/usr/share/texlive/texmf-dist/tex/latex/pgf/utilities/pgfkeys.sty
(/usr/share/texlive/texmf-dist/tex/generic/pgf/utilities/pgfkeys.code.tex))
(/usr/share/texlive/texmf-dist/tex/latex/pgf/math/pgfmath.sty
(/usr/share/texlive/texmf-dist/tex/generic/pgf/math/pgfmath.code.tex))
(/usr/share/texlive/texmf-dist/tex/generic/pgf/utilities/pgffor.code.tex
Package: pgffor 2023-01-15 v3.1.10 (3.1.10)
\pgffor@iter=\dimen287
\pgffor@skip=\dimen288
\pgffor@stack=\toks44
\pgffor@toks=\toks45
))
(/usr/share/texlive/texmf-dist/tex/generic/pgf/frontendlayer/tikz/tikz.code.tex
Package: tikz 2023-01-15 v3.1.10 (3.1.10)

(/usr/share/texlive/texmf-dist/tex/generic/pgf/libraries/pgflibraryplothandlers
.code.tex
File: pgflibraryplothandlers.code.tex 2023-01-15 v3.1.10 (3.1.10)
\pgf@plot@mark@count=\count340
\pgfplotmarksize=\dimen289
)
\tikz@lastx=\dimen290
\tikz@lasty=\dimen291
\tikz@lastxsaved=\dimen292
\tikz@lastysaved=\dimen293
\tikz@lastmovetox=\dimen294
\tikz@lastmovetoy=\dimen295
\tikzleveldistance=\dimen296
\tikzsiblingdistance=\dimen297
\tikz@figbox=\box73
\tikz@figbox@bg=\box74
\tikz@tempbox=\box75
\tikz@tempbox@bg=\box76
\tikztreelevel=\count341
\tikznumberofchildren=\count342
\tikznumberofcurrentchild=\count343
\tikz@fig@count=\count344

(/usr/share/texlive/texmf-dist/tex/generic/pgf/modules/pgfmodulematrix.code.tex
File: pgfmodulematrix.code.tex 2023-01-15 v3.1.10 (3.1.10)
\pgfmatrixcurrentrow=\count345
\pgfmatrixcurrentcolumn=\count346
\pgf@matrix@numberofcolumns=\count347
)
\tikz@expandcount=\count348

(/usr/share/texlive/texmf-dist/tex/generic/pgf/frontendlayer/tikz/libraries/tik
zlibrarytopaths.code.tex
File: tikzlibrarytopaths.code.tex 2023-01-15 v3.1.10 (3.1.10)
)))
(/usr/share/texlive/texmf-dist/tex/latex/pgfplots/pgfplots.sty
(/usr/share/texlive/texmf-dist/tex/generic/pgfplots/pgfplots.revision.tex)
Package: pgfplots 2021/05/15 v1.18.1 Data Visualization (1.18.1)

(/usr/share/texlive/texmf-dist/tex/generic/pgfplots/pgfplots.code.tex
(/usr/share/texlive/texmf-dist/tex/generic/pgfplots/pgfplotscore.code.tex
\t@pgfplots@toka=\toks46
\t@pgfplots@tokb=\toks47
\t@pgfplots@tokc=\toks48
\pgfplots@tmpa=\dimen298
\c@pgfplots@coordindex=\count349
\c@pgfplots@scanlineindex=\count350

(/usr/share/texlive/texmf-dist/tex/generic/pgfplots/sys/pgfplotssysgeneric.code
.tex))
(/usr/share/texlive/texmf-dist/tex/generic/pgfplots/libs/pgfplotslibrary.code.t
ex)
(/usr/share/texlive/texmf-dist/tex/generic/pgfplots/oldpgfcompatib/pgfplotsoldp
gfsupp_loader.code.tex
(/usr/share/texlive/texmf-dist/tex/generic/pgf/libraries/pgflibraryfpu.code.tex
)
Package pgfplots: loading complementary utilities for your pgf version...
\t@pgf@toka=\toks49
\t@pgf@tokb=\toks50
\t@pgf@tokc=\toks51

(/usr/share/texlive/texmf-dist/tex/generic/pgfplots/oldpgfcompatib/pgfplotsoldp
gfsupp_pgfutil-common-lists.tex))
(/usr/share/texlive/texmf-dist/tex/generic/pgfplots/util/pgfplotsutil.code.tex
(/usr/share/texlive/texmf-dist/tex/generic/pgfplots/liststructure/pgfplotslists
tructure.code.tex)
(/usr/share/texlive/texmf-dist/tex/generic/pgfplots/liststructure/pgfplotslists
tructureext.code.tex)
(/usr/share/texlive/texmf-dist/tex/generic/pgfplots/liststructure/pgfplotsarray
.code.tex
\c@pgfplotsarray@tmp=\count351
)
(/usr/share/texlive/texmf-dist/tex/generic/pgfplots/liststructure/pgfplotsmatri
x.code.tex)
(/usr/share/texlive/texmf-dist/tex/generic/pgfplots/numtable/pgfplotstableshare
d.code.tex
\c@pgfplotstable@counta=\count352
\t@pgfplotstable@a=\toks52
)
(/usr/share/texlive/texmf-dist/tex/generic/pgfplots/liststructure/pgfplotsdeque
.code.tex)
(/usr/share/texlive/texmf-dist/tex/generic/pgfplots/util/pgfplotsbinary.code.te
x
(/usr/share/texlive/texmf-dist/tex/generic/pgfplots/util/pgfplotsbinary.data.co
de.tex))
(/usr/share/texlive/texmf-dist/tex/generic/pgfplots/util/pgfplotsutil.verb.code
.tex)
(/usr/share/texlive/texmf-dist/tex/generic/pgfplots/libs/pgflibrarypgfplots.sur
fshading.code.tex
\c@pgfplotslibrarysurf@no=\count353

(/usr/share/texlive/texmf-dist/tex/generic/pgfplots/sys/pgflibrarypgfplots.surf
shading.pgfsys-pdftex.def)))
(/usr/share/texlive/texmf-dist/tex/generic/pgfplots/util/pgfplotscolormap.code.
tex
(/usr/share/texlive/texmf-dist/tex/generic/pgfplots/util/pgfplotscolor.code.tex
))
(/usr/share/texlive/texmf-dist/tex/generic/pgfplots/pgfplotsstackedplots.code.t
ex)
(/usr/share/texlive/texmf-dist/tex/generic/pgfplots/pgfplotsplothandlers.code.t
ex
(/usr/share/texlive/texmf-dist/tex/generic/pgfplots/pgfplotsmeshplothandler.cod
e.tex
(/usr/share/texlive/texmf-dist/tex/generic/pgfplots/pgfplotsmeshplotimage.code.
tex)))
(/usr/share/texlive/texmf-dist/tex/generic/pgfplots/pgfplots.scaling.code.tex)
(/usr/share/texlive/texmf-dist/tex/generic/pgfplots/pgfplotscoordprocessing.cod
e.tex)
(/usr/share/texlive/texmf-dist/tex/generic/pgfplots/pgfplots.errorbars.code.tex
) (/usr/share/texlive/texmf-dist/tex/generic/pgfplots/pgfplots.markers.code.tex
) (/usr/share/texlive/texmf-dist/tex/generic/pgfplots/pgfplotsticks.code.tex)
(/usr/share/texlive/texmf-dist/tex/generic/pgfplots/pgfplots.paths.code.tex)
(/usr/share/texlive/texmf-dist/tex/generic/pgf/frontendlayer/tikz/libraries/tik
zlibrarydecorations.code.tex
(/usr/share/texlive/texmf-dist/tex/generic/pgf/modules/pgfmoduledecorations.cod
e.tex
\pgfdecoratedcompleteddistance=\dimen299
\pgfdecoratedremainingdistance=\dimen300
\pgfdecoratedinputsegmentcompleteddistance=\dimen301
\pgfdecoratedinputsegmentremainingdistance=\dimen302
\pgf@decorate@distancetomove=\dimen303
\pgf@decorate@repeatstate=\count354
\pgfdecorationsegmentamplitude=\dimen304
\pgfdecorationsegmentlength=\dimen305
)
\tikz@lib@dec@box=\box77
)
(/usr/share/texlive/texmf-dist/tex/generic/pgf/frontendlayer/tikz/libraries/tik
zlibrarydecorations.pathmorphing.code.tex
(/usr/share/texlive/texmf-dist/tex/generic/pgf/libraries/decorations/pgflibrary
decorations.pathmorphing.code.tex))
(/usr/share/texlive/texmf-dist/tex/generic/pgf/frontendlayer/tikz/libraries/tik
zlibrarydecorations.pathreplacing.code.tex
(/usr/share/texlive/texmf-dist/tex/generic/pgf/libraries/decorations/pgflibrary
decorations.pathreplacing.code.tex))
(/usr/share/texlive/texmf-dist/tex/generic/pgfplots/libs/tikzlibrarypgfplots.co
ntourlua.code.tex)
\pgfplots@numplots=\count355
\pgfplots@xmin@reg=\dimen306
\pgfplots@xmax@reg=\dimen307
\pgfplots@ymin@reg=\dimen308
\pgfplots@ymax@reg=\dimen309
\pgfplots@zmin@reg=\dimen310
\pgfplots@zmax@reg=\dimen311
)
(/usr/share/texlive/texmf-dist/tex/generic/pgf/frontendlayer/tikz/libraries/tik
zlibraryplotmarks.code.tex
File: tikzlibraryplotmarks.code.tex 2023-01-15 v3.1.10 (3.1.10)

(/usr/share/texlive/texmf-dist/tex/generic/pgf/libraries/pgflibraryplotmarks.co
de.tex
File: pgflibraryplotmarks.code.tex 2023-01-15 v3.1.10 (3.1.10)
))) (./pgf-pie.sty
Package: pgf-pie 2011/10/02 v0.2 Some LaTeX macros for pie chart by using PGF/T
ikz package.

(/usr/share/texlive/texmf-dist/tex/latex/carlisle/scalefnt.sty)
\pgfpie@angleEnd=\skip126
\c@pgfpie@explodeLength=\count356
\c@pgfpie@colorLength=\count357
\c@pgfpie@sliceLength=\count358
)
(/usr/share/texlive/texmf-dist/tex/generic/pgf/frontendlayer/tikz/libraries/tik
zlibrarycalc.code.tex
File: tikzlibrarycalc.code.tex 2023-01-15 v3.1.10 (3.1.10)
)
(/usr/share/texlive/texmf-dist/tex/generic/pgf/frontendlayer/tikz/libraries/tik
zlibrarypositioning.code.tex
File: tikzlibrarypositioning.code.tex 2023-01-15 v3.1.10 (3.1.10)
)
(/usr/share/texlive/texmf-dist/tex/generic/pgf/frontendlayer/tikz/libraries/tik
zlibraryarrows.code.tex
File: tikzlibraryarrows.code.tex 2023-01-15 v3.1.10 (3.1.10)

(/usr/share/texlive/texmf-dist/tex/generic/pgf/libraries/pgflibraryarrows.code.
tex
File: pgflibraryarrows.code.tex 2023-01-15 v3.1.10 (3.1.10)
\arrowsize=\dimen312
))
(/usr/share/texlive/texmf-dist/tex/generic/pgf/frontendlayer/tikz/libraries/tik
zlibraryshapes.code.tex
File: tikzlibraryshapes.code.tex 2023-01-15 v3.1.10 (3.1.10)

(/usr/share/texlive/texmf-dist/tex/generic/pgf/frontendlayer/tikz/libraries/tik
zlibraryshapes.geometric.code.tex
File: tikzlibraryshapes.geometric.code.tex 2023-01-15 v3.1.10 (3.1.10)

(/usr/share/texlive/texmf-dist/tex/generic/pgf/libraries/shapes/pgflibraryshape
s.geometric.code.tex
File: pgflibraryshapes.geometric.code.tex 2023-01-15 v3.1.10 (3.1.10)
))
(/usr/share/texlive/texmf-dist/tex/generic/pgf/frontendlayer/tikz/libraries/tik
zlibraryshapes.misc.code.tex
File: tikzlibraryshapes.misc.code.tex 2023-01-15 v3.1.10 (3.1.10)

(/usr/share/texlive/texmf-dist/tex/generic/pgf/libraries/shapes/pgflibraryshape
s.misc.code.tex
File: pgflibraryshapes.misc.code.tex 2023-01-15 v3.1.10 (3.1.10)
))
(/usr/share/texlive/texmf-dist/tex/generic/pgf/frontendlayer/tikz/libraries/tik
zlibraryshapes.symbols.code.tex
File: tikzlibraryshapes.symbols.code.tex 2023-01-15 v3.1.10 (3.1.10)

(/usr/share/texlive/texmf-dist/tex/generic/pgf/libraries/shapes/pgflibraryshape
s.symbols.code.tex
File: pgflibraryshapes.symbols.code.tex 2023-01-15 v3.1.10 (3.1.10)
))
(/usr/share/texlive/texmf-dist/tex/generic/pgf/frontendlayer/tikz/libraries/tik
zlibraryshapes.arrows.code.tex
File: tikzlibraryshapes.arrows.code.tex 2023-01-15 v3.1.10 (3.1.10)

(/usr/share/texlive/texmf-dist/tex/generic/pgf/libraries/shapes/pgflibraryshape
s.arrows.code.tex
File: pgflibraryshapes.arrows.code.tex 2023-01-15 v3.1.10 (3.1.10)
))
(/usr/share/texlive/texmf-dist/tex/generic/pgf/frontendlayer/tikz/libraries/tik
zlibraryshapes.callouts.code.tex
(/usr/share/texlive/texmf-dist/tex/generic/pgf/libraries/shapes/pgflibraryshape
s.callouts.code.tex))
(/usr/share/texlive/texmf-dist/tex/generic/pgf/frontendlayer/tikz/libraries/tik
zlibraryshapes.multipart.code.tex
File: tikzlibraryshapes.multipart.code.tex 2023-01-15 v3.1.10 (3.1.10)

(/usr/share/texlive/texmf-dist/tex/generic/pgf/libraries/shapes/pgflibraryshape
s.multipart.code.tex
File: pgflibraryshapes.multipart.code.tex 2023-01-15 v3.1.10 (3.1.10)
\pgfnodepartlowerbox=\box78
\pgfnodeparttwobox=\box79
\pgfnodepartthreebox=\box80
\pgfnodepartfourbox=\box81
\pgfnodeparttwentybox=\box82
\pgfnodepartnineteenbox=\box83
\pgfnodeparteighteenbox=\box84
\pgfnodepartseventeenbox=\box85
\pgfnodepartsixteenbox=\box86
\pgfnodepartfifteenbox=\box87
\pgfnodepartfourteenbox=\box88
\pgfnodepartthirteenbox=\box89
\pgfnodeparttwelvebox=\box90
\pgfnodepartelevenbox=\box91
\pgfnodeparttenbox=\box92
\pgfnodepartninebox=\box93
\pgfnodeparteightbox=\box94
\pgfnodepartsevenbox=\box95
\pgfnodepartsixbox=\box96
\pgfnodepartfivebox=\box97
)))
\c@exm=\count359
\c@spv=\count360
)
(/usr/share/texlive/texmf-dist/tex/latex/booktabs/booktabs.sty
Package: booktabs 2020/01/12 v1.61803398 Publication quality tables
\heavyrulewidth=\dimen313
\lightrulewidth=\dimen314
\cmidrulewidth=\dimen315
\belowrulesep=\dimen316
\belowbottomsep=\dimen317
\aboverulesep=\dimen318
\abovetopsep=\dimen319
\cmidrulesep=\dimen320
\cmidrulekern=\dimen321
\defaultaddspace=\dimen322
\@cmidla=\count361
\@cmidlb=\count362
\@aboverulesep=\dimen323
\@belowrulesep=\dimen324
\@thisruleclass=\count363
\@lastruleclass=\count364
\@thisrulewidth=\dimen325
)
(/usr/share/texlive/texmf-dist/tex/generic/pgf/frontendlayer/tikz/libraries/tik
zlibraryfit.code.tex
File: tikzlibraryfit.code.tex 2023-01-15 v3.1.10 (3.1.10)
)
(/usr/share/texlive/texmf-dist/tex/generic/pgf/frontendlayer/tikz/libraries/tik
zlibrarybackgrounds.code.tex
File: tikzlibrarybackgrounds.code.tex 2023-01-15 v3.1.10 (3.1.10)
\pgf@layerbox@background=\box98
\pgf@layerboxsaved@background=\box99
)
(/usr/share/texlive/texmf-dist/tex/generic/pgf/libraries/pgflibraryarrows.meta.
code.tex
File: pgflibraryarrows.meta.code.tex 2023-01-15 v3.1.10 (3.1.10)
\pgfarrowinset=\dimen326
\pgfarrowlength=\dimen327
\pgfarrowwidth=\dimen328
\pgfarrowlinewidth=\dimen329
)
(/usr/share/texlive/texmf-dist/tex/latex/l3backend/l3backend-pdftex.def
File: l3backend-pdftex.def 2024-01-04 L3 backend support: PDF output (pdfTeX)
\l__color_backend_stack_int=\count365
\l__pdf_internal_box=\box100
)
(./main.aux (./contents/chapter-1/chapter-1.aux)
(./contents/chapter-2/chapter-2.aux) (./contents/chapter-3/chapter-3.aux)
(./contents/chapter-4/chapter-4.aux) (./contents/chapter-5/chapter-5.aux)
(./contents/chapter-6/chapter-6.aux))
\openout1 = `main.aux'.

LaTeX Font Info:    Checking defaults for OML/cmm/m/it on input line 62.
LaTeX Font Info:    ... okay on input line 62.
LaTeX Font Info:    Checking defaults for OMS/cmsy/m/n on input line 62.
LaTeX Font Info:    ... okay on input line 62.
LaTeX Font Info:    Checking defaults for OT1/cmr/m/n on input line 62.
LaTeX Font Info:    ... okay on input line 62.
LaTeX Font Info:    Checking defaults for T1/cmr/m/n on input line 62.
LaTeX Font Info:    ... okay on input line 62.
LaTeX Font Info:    Checking defaults for TS1/cmr/m/n on input line 62.
LaTeX Font Info:    ... okay on input line 62.
LaTeX Font Info:    Checking defaults for OMX/cmex/m/n on input line 62.
LaTeX Font Info:    ... okay on input line 62.
LaTeX Font Info:    Checking defaults for U/cmr/m/n on input line 62.
LaTeX Font Info:    ... okay on input line 62.
LaTeX Font Info:    Checking defaults for PD1/pdf/m/n on input line 62.
LaTeX Font Info:    ... okay on input line 62.
LaTeX Font Info:    Checking defaults for PU/pdf/m/n on input line 62.
LaTeX Font Info:    ... okay on input line 62.

(/usr/share/texlive/texmf-dist/tex/context/base/mkii/supp-pdf.mkii
[Loading MPS to PDF converter (version 2006.09.02).]
\scratchcounter=\count366
\scratchdimen=\dimen330
\scratchbox=\box101
\nofMPsegments=\count367
\nofMParguments=\count368
\everyMPshowfont=\toks53
\MPscratchCnt=\count369
\MPscratchDim=\dimen331
\MPnumerator=\count370
\makeMPintoPDFobject=\count371
\everyMPtoPDFconversion=\toks54
) (/usr/share/texlive/texmf-dist/tex/latex/epstopdf-pkg/epstopdf-base.sty
Package: epstopdf-base 2020-01-24 v2.11 Base part for package epstopdf
Package epstopdf-base Info: Redefining graphics rule for `.eps' on input line 4
85.

(/usr/share/texlive/texmf-dist/tex/latex/latexconfig/epstopdf-sys.cfg
File: epstopdf-sys.cfg 2010/07/13 v1.3 Configuration of (r)epstopdf for TeX Liv
e
))
(/usr/share/texlive/texmf-dist/tex/latex/pdflscape/pdflscape.sty
Package: pdflscape 2022-10-27 v0.13 Display of landscape pages in PDF

(/usr/share/texlive/texmf-dist/tex/latex/pdflscape/pdflscape-nometadata.sty
Package: pdflscape-nometadata 2022-10-28 v0.13 Display of landscape pages in PD
F (HO)

(/usr/share/texlive/texmf-dist/tex/latex/graphics/lscape.sty
Package: lscape 2020/05/28 v3.02 Landscape Pages (DPC)
)
Package pdflscape Info: Auto-detected driver: pdftex on input line 81.
))
*geometry* driver: auto-detecting
*geometry* detected driver: pdftex
*geometry* verbose mode - [ preamble ] result:
* driver: pdftex
* paper: custom
* layout: <same size as paper>
* layoutoffset:(h,v)=(0.0pt,0.0pt)
* modes: 
* h-part:(L,W,R)=(100.72256pt, 424.5155pt, 72.2698pt)
* v-part:(T,H,B)=(72.2698pt, 700.50714pt, 72.2698pt)
* \paperwidth=597.50787pt
* \paperheight=845.04675pt
* \textwidth=424.5155pt
* \textheight=700.50714pt
* \oddsidemargin=28.45258pt
* \evensidemargin=28.45258pt
* \topmargin=-37.00018pt
* \headheight=12.0pt
* \headsep=25.0pt
* \topskip=5.4pt
* \footskip=42.67912pt
* \marginparwidth=44.0pt
* \marginparsep=10.0pt
* \columnsep=10.0pt
* \skip\footins=10.8pt plus 4.0pt minus 2.0pt
* \hoffset=0.0pt
* \voffset=0.0pt
* \mag=1000
* \@twocolumnfalse
* \@twosidefalse
* \@mparswitchfalse
* \@reversemarginfalse
* (1in=72.27pt=25.4mm, 1cm=28.453pt)

Package caption Info: Begin \AtBeginDocument code.
Package caption Info: float package is loaded.
Package caption Info: hyperref package is loaded.
Package caption Info: listings package is loaded.
Package caption Info: longtable package is loaded.
(/usr/share/texlive/texmf-dist/tex/latex/caption/ltcaption.sty
Package: ltcaption 2021/01/08 v1.4c longtable captions (AR)
)
Package caption Info: End \AtBeginDocument code.
Package newfloat Info: `float' package detected.
\c@lstlisting=\count372
Package hyperref Info: Link coloring OFF on input line 62.
 (./main.out)
(./main.out)
\@outlinefile=\write4
\openout4 = `main.out'.


Package pgfplots notification 'compat/show suggested version=true': you might b
enefit from \pgfplotsset{compat=1.18} (current compat level: 1.16).

*geometry* verbose mode - [ newgeometry ] result:
* driver: pdftex
* paper: custom
* layout: <same size as paper>
* layoutoffset:(h,v)=(0.0pt,0.0pt)
* modes: 
* h-part:(L,W,R)=(100.72256pt, 424.5155pt, 72.2698pt)
* v-part:(T,H,B)=(72.2698pt, 700.50714pt, 72.2698pt)
* \paperwidth=597.50787pt
* \paperheight=845.04675pt
* \textwidth=424.5155pt
* \textheight=700.50714pt
* \oddsidemargin=28.45258pt
* \evensidemargin=28.45258pt
* \topmargin=-37.00018pt
* \headheight=12.0pt
* \headsep=25.0pt
* \topskip=5.4pt
* \footskip=42.67912pt
* \marginparwidth=44.0pt
* \marginparsep=10.0pt
* \columnsep=10.0pt
* \skip\footins=10.8pt plus 4.0pt minus 2.0pt
* \hoffset=0.0pt
* \voffset=0.0pt
* \mag=1000
* \@twocolumnfalse
* \@twosidefalse
* \@mparswitchfalse
* \@reversemarginfalse
* (1in=72.27pt=25.4mm, 1cm=28.453pt)

<sample/logougm.png, id=493, 110.5731pt x 112.2594pt>
File: sample/logougm.png Graphic file (type png)
<use sample/logougm.png>
Package pdftex.def Info: sample/logougm.png  used on input line 69.
(pdftex.def)             Requested size: 212.25775pt x 215.51329pt.
LaTeX Font Info:    Calculating math sizes for size <14> on input line 69.
LaTeX Font Info:    External font `cmex10' loaded for size
(Font)              <14> on input line 69.
LaTeX Font Info:    External font `cmex10' loaded for size
(Font)              <9.79996> on input line 69.
LaTeX Font Info:    External font `cmex10' loaded for size
(Font)              <7> on input line 69.

Overfull \hbox (16.10326pt too wide) in paragraph at lines 69--69
 [] 
 []


Overfull \hbox (14.40865pt too wide) in paragraph at lines 69--69
 [][] 
 []

[1


{/var/lib/texmf/fonts/map/pdftex/updmap/pdftex.map}{/usr/share/texlive/texmf-di
st/fonts/enc/dvips/base/8r.enc} <./sample/logougm.png>]
LaTeX Font Info:    External font `cmex10' loaded for size
(Font)              <12> on input line 79.
LaTeX Font Info:    External font `cmex10' loaded for size
(Font)              <8> on input line 79.
LaTeX Font Info:    External font `cmex10' loaded for size
(Font)              <6> on input line 79.
 [2


]
*geometry* verbose mode - [ newgeometry ] result:
* driver: pdftex
* paper: custom
* layout: <same size as paper>
* layoutoffset:(h,v)=(0.0pt,0.0pt)
* modes: 
* h-part:(L,W,R)=(100.72256pt, 424.5155pt, 72.2698pt)
* v-part:(T,H,B)=(72.2698pt, 700.50714pt, 72.2698pt)
* \paperwidth=597.50787pt
* \paperheight=845.04675pt
* \textwidth=424.5155pt
* \textheight=700.50714pt
* \oddsidemargin=28.45258pt
* \evensidemargin=28.45258pt
* \topmargin=-37.00018pt
* \headheight=12.0pt
* \headsep=25.0pt
* \topskip=5.4pt
* \footskip=42.67912pt
* \marginparwidth=44.0pt
* \marginparsep=10.0pt
* \columnsep=10.0pt
* \skip\footins=10.8pt plus 4.0pt minus 2.0pt
* \hoffset=0.0pt
* \voffset=0.0pt
* \mag=1000
* \@twocolumnfalse
* \@twosidefalse
* \@mparswitchfalse
* \@reversemarginfalse
* (1in=72.27pt=25.4mm, 1cm=28.453pt)


(./contents/statement/statement.tex) [3



]
*geometry* verbose mode - [ newgeometry ] result:
* driver: pdftex
* paper: custom
* layout: <same size as paper>
* layoutoffset:(h,v)=(0.0pt,0.0pt)
* modes: 
* h-part:(L,W,R)=(100.72256pt, 424.5155pt, 72.2698pt)
* v-part:(T,H,B)=(72.2698pt, 700.50714pt, 72.2698pt)
* \paperwidth=597.50787pt
* \paperheight=845.04675pt
* \textwidth=424.5155pt
* \textheight=700.50714pt
* \oddsidemargin=28.45258pt
* \evensidemargin=28.45258pt
* \topmargin=-37.00018pt
* \headheight=12.0pt
* \headsep=25.0pt
* \topskip=5.4pt
* \footskip=42.67912pt
* \marginparwidth=44.0pt
* \marginparsep=10.0pt
* \columnsep=10.0pt
* \skip\footins=10.8pt plus 4.0pt minus 2.0pt
* \hoffset=0.0pt
* \voffset=0.0pt
* \mag=1000
* \@twocolumnfalse
* \@twosidefalse
* \@mparswitchfalse
* \@reversemarginfalse
* (1in=72.27pt=25.4mm, 1cm=28.453pt)

 (./contents/dedication/dedication.tex) [4



] (./contents/preface/preface.tex) [5



] (./main.toc [6

] [7] [8])
\tf@toc=\write5
\openout5 = `main.toc'.

 [9]
(./main.lot)
\tf@lot=\write6
\openout6 = `main.lot'.

 [10

] (./main.lof
Overfull \hbox (0.76117pt too wide) in paragraph at lines 3--3
 [][] [][]\T1/ptm/m/n/12 Alur Pe-ne-li-ti-an da-lam Ti-ga Si-klus \T1/ptm/m/it/
12 De-sign Sci-en-ce Re-se-ar-ch \T1/ptm/m/n/12 (He- 
 []

)
\tf@lof=\write7
\openout7 = `main.lof'.

 [11

] (./contents/nomenclature/nomenclature.tex) [12


]
(./contents/abstract/intisari.tex) [13


] (./contents/abstract/abstract.tex
Overfull \hbox (17.24841pt too wide) in paragraph at lines 9--10
\T1/ptm/m/it/12 rum, offi-cer ele-ctions, and su-pe-rvi-sor ve-to), and La-ko-m
i-Lo-ans (mi-cro-lo-ans wi-th contribution-
 []


Overfull \hbox (4.28668pt too wide) in paragraph at lines 15--16
[] \T1/ptm/m/it/12 Tes-ting was con-du-cted thro-u-gh 26 fun-ctio-nal sce-na-ri
-os ve-ri-fying ea-ch UU 25/1992
 []

) [14


]
\openout2 = `contents/chapter-1/chapter-1.aux'.

 (./contents/chapter-1/chapter-1.tex
BAB I.

Overfull \hbox (7.38445pt too wide) in paragraph at lines 8--9
\T1/ptm/m/n/12 Permasalahan per-ta-ma ada-lah ta-ta ke-lo-la yang opak. Pen-ca-
tat-an ke-u-ang-an se-ca-ra manual---
 []


Overfull \hbox (10.67255pt too wide) in paragraph at lines 14--15
\T1/ptm/m/n/12 Namun, mo-del DAO yang ada sa-at ini---seperti Ma-ke-rDAO dan Co
mpound---menggunakan
 []

[1




]
Overfull \hbox (41.09273pt too wide) in paragraph at lines 17--18
\T1/ptm/m/n/12 Regulasi per-ko-pe-ra-si-an Indonesia---khususnya UU 25/1992 ten
-tang Perkoperasian---mengandung
 []


Overfull \hbox (0.91573pt too wide) in paragraph at lines 23--24
\T1/ptm/m/n/12 Penelitian ini meng-im-ple-men-ta-sik-an Lakomi---sebuah sis-tem
 ko-pe-ra-si ber-ba-sis bloc-kcha-
 []

[2] [3]
Overfull \hbox (8.95694pt too wide) in paragraph at lines 60--61
[]\T1/ptm/b/n/12 Manajemen Iden-ti-tas. \T1/ptm/m/n/12 Li-ma per-an da-lam sis-
tem (PE-NGA-WAS, APP-RO-VER, MEM-
 []

[4] [5]
Overfull \hbox (1.62491pt too wide) in paragraph at lines 104--105
\T1/ptm/m/it/12 con-tra-ct \T1/ptm/m/n/12 dan \T1/ptm/m/it/12 fron-tend\T1/ptm/
m/n/12 , ha-sil pe-ngu-ji-an ke-pa-tuh-an ter-ha-dap 26 ke-ten-tu-an UU 25/1992
,
 []

) [6]
\openout2 = `contents/chapter-2/chapter-2.aux'.

 (./contents/chapter-2/chapter-2.tex
BAB II.

Overfull \hbox (0.48242pt too wide) in paragraph at lines 9--10
[]\T1/ptm/m/n/12 Blockchain ada-lah sis-tem \T1/ptm/m/it/12 dis-tri-bu-ted le-d
ger \T1/ptm/m/n/12 yang me-mung-kink-an pen-ca-tat-an tran-
 []

[7





] [8]
LaTeX Font Info:    Trying to load font information for T1+pcr on input line 33
.
 (/usr/share/texlive/texmf-dist/tex/latex/psnfss/t1pcr.fd
File: t1pcr.fd 2001/06/04 font definitions for T1/pcr.
)
Overfull \hbox (51.98997pt too wide) in paragraph at lines 35--36
\T1/ptm/m/n/12 kon-teks La-ko-mi, stan-dar ERC-20 di-per-lu-as de-ngan fung-si 
ke-ang-go-ta-an (\T1/pcr/m/n/12 isRegisteredMember\T1/ptm/m/n/12 )
 []


Overfull \hbox (20.82681pt too wide) in paragraph at lines 39--40
\T1/pcr/m/n/12 ReentrancyGuard \T1/ptm/m/n/12 un-tuk per-lin-dung-an ter-ha-dap
 se-rang-an \T1/ptm/m/it/12 re-en-tran-cy\T1/ptm/m/n/12 . \T1/pcr/m/n/12 Access
Control
 []


Overfull \hbox (34.09798pt too wide) in paragraph at lines 41--42
\T1/ptm/m/n/12 kur-sif se-be-lum \T1/ptm/m/it/12 sta-te \T1/ptm/m/n/12 di-per-b
a-rui. \T1/pcr/m/n/12 ReentrancyGuard \T1/ptm/m/n/12 me-nye-di-ak-an \T1/ptm/m/
it/12 mo-di-fi-er \T1/pcr/m/n/12 nonReentrant
 []

[9] [10] [11] [12]
Overfull \hbox (19.85184pt too wide) in paragraph at lines 105--106
\T1/ptm/m/n/12 kum pa-da ke-gi-at-an KSP di In-do-ne-sia yang me-li-pu-ti: (1) 
ke-sen-jang-an regulasi---ketidakjelasan
 []

[13]
Overfull \hbox (15.843pt too wide) in paragraph at lines 113--114
[]\T1/ptm/m/n/12 UU 25/1992 [[]21[]] ada-lah lan-das-an hu-kum uta-ma per-ko-pe
-ra-si-an di In-do-ne-sia. Undang-
 []


Overfull \hbox (1.86432pt too wide) in paragraph at lines 125--126
\T1/ptm/m/n/12 ne-li-ti-an ini---memungkinkan ve-ri-fi-ka-si ke-pa-tuh-an se-ca
-ra oto-ma-tis dan ber-ke-lan-jut-an. Ber-
 []

[14]
LaTeX Font Info:    External font `cmex10' loaded for size
(Font)              <5> on input line 136.

Overfull \hbox (5.33527pt too wide) in paragraph at lines 138--138
[]\T1/ptm/b/n/10 Blockchain| 
 []


Underfull \hbox (badness 10000) in paragraph at lines 138--138
[]\T1/ptm/b/n/10 Kepatuhan
 []


Underfull \hbox (badness 10000) in paragraph at lines 140--140
[]\T1/ptm/m/n/10 Arisudhana dkk.
 []


Underfull \hbox (badness 10000) in paragraph at lines 140--140
[]\T1/ptm/m/n/10 Transparansi
 []


Underfull \hbox (badness 10000) in paragraph at lines 140--140
\T1/ptm/m/n/10 & akun-ta-bi-li-tas
 []


Underfull \hbox (badness 10000) in paragraph at lines 140--140
[]\T1/ptm/m/n/10 Tidak di-ba-
 []


Underfull \hbox (badness 10000) in paragraph at lines 142--142
[]\T1/ptm/m/n/10 Pengaruh sim-
 []


Underfull \hbox (badness 10000) in paragraph at lines 142--142
\T1/ptm/m/n/10 pan-an ter-ha-dap
 []


Underfull \hbox (badness 10000) in paragraph at lines 142--142
[]\T1/ptm/m/n/10 Tidak di-ba-
 []


Underfull \hbox (badness 3428) in paragraph at lines 142--143
[]\T1/ptm/m/n/10 Proporsional ter-
 []


Underfull \hbox (badness 5771) in paragraph at lines 144--144
[]\T1/ptm/m/n/10 El Ami-ne & Sa-ri
 []


Underfull \hbox (badness 10000) in paragraph at lines 144--144
[]\T1/ptm/m/n/10 Token-
 []


Underfull \hbox (badness 10000) in paragraph at lines 146--146
[]\T1/ptm/m/n/10 Kerangka hu-
 []


Underfull \hbox (badness 2359) in paragraph at lines 146--146
[]\T1/ptm/m/n/10 Ya (Ethe-
 []


Underfull \hbox (badness 10000) in paragraph at lines 146--146
[]\T1/ptm/m/n/10 Token-
 []


Underfull \hbox (badness 2359) in paragraph at lines 148--148
[]\T1/ptm/m/n/10 Ya (Ethe-
 []


Underfull \hbox (badness 10000) in paragraph at lines 148--148
[]\T1/ptm/m/n/10 Token-
 []


Underfull \hbox (badness 10000) in paragraph at lines 150--150
[]\T1/ptm/m/n/10 Analisis ska-la
 []


Underfull \hbox (badness 10000) in paragraph at lines 150--150
[]\T1/ptm/m/n/10 Token-
 []


Underfull \hbox (badness 3895) in paragraph at lines 152--152
[]\T1/ptm/m/n/10 Tamai & Ka-sa-ha-ra
 []


Underfull \hbox (badness 10000) in paragraph at lines 152--152
[]\T1/ptm/m/n/10 Voting tah-an
 []


Underfull \hbox (badness 2359) in paragraph at lines 152--152
[]\T1/ptm/m/n/10 Ya (Ethe-
 []


Underfull \hbox (badness 10000) in paragraph at lines 152--152
[]\T1/ptm/m/n/10 Hybrid
 []


Underfull \hbox (badness 10000) in paragraph at lines 152--152
\T1/ptm/m/n/10 (to-ken +
 []


Underfull \hbox (badness 10000) in paragraph at lines 154--154
[]\T1/ptm/m/n/10 Smart so-ci-al
 []


Underfull \hbox (badness 10000) in paragraph at lines 154--154
[]\T1/ptm/m/n/10 Ya (kon-
 []


Underfull \hbox (badness 10000) in paragraph at lines 154--154
[]\T1/ptm/m/n/10 Demokratis
 []


Underfull \hbox (badness 10000) in paragraph at lines 158--158
[]\T1/ptm/m/n/10 Reputasi di
 []


Underfull \hbox (badness 10000) in paragraph at lines 158--158
[]\T1/ptm/m/n/10 Berbasis
 []


Underfull \hbox (badness 10000) in paragraph at lines 160--160
[]\T1/ptm/b/n/10 Ya
 []


Underfull \hbox (badness 5802) in paragraph at lines 160--160
[]\T1/ptm/b/n/10 Lengkap (26
 []


Underfull \hbox (badness 10000) in paragraph at lines 160--160
[]\T1/ptm/b/n/10 1-anggota-1-
 []


Underfull \hbox (badness 7631) in paragraph at lines 160--161
[]\T1/ptm/b/n/10 6 ka-te-go-ri on-
 []


Overfull \hbox (29.55229pt too wide) in paragraph at lines 136--163
 [][] 
 []


LaTeX Warning: `h' float specifier changed to `ht'.

) [15] [16]
\openout2 = `contents/chapter-3/chapter-3.aux'.

 (./contents/chapter-3/chapter-3.tex
BAB III.
[17





]
Underfull \hbox (badness 10000) in paragraph at lines 37--38
[]\T1/ptm/m/n/12 Bahasa pem-ro-gram-an
 []


Underfull \hbox (badness 10000) in paragraph at lines 38--39
[]\T1/ptm/m/it/12 Framework \T1/ptm/m/n/12 pe-ngem-
 []


Underfull \hbox (badness 10000) in paragraph at lines 38--39
\T1/ptm/m/n/12 bang-an, pe-ngu-ji-an, dan
 []


Underfull \hbox (badness 10000) in paragraph at lines 39--39
[]\T1/ptm/m/n/12 OpenZeppelin Con-
 []


Underfull \hbox (badness 1371) in paragraph at lines 39--40
[]\T1/ptm/m/n/12 Library stan-dar (ERC-20,
 []


Underfull \hbox (badness 3884) in paragraph at lines 39--40
\T1/ptm/m/n/12 Acces-sCon-trol, Re-en-tran-
 []


Underfull \hbox (badness 1983) in paragraph at lines 40--41
[]\T1/ptm/m/n/12 Interaksi de-ngan ja-ring-an
 []


Underfull \hbox (badness 10000) in paragraph at lines 42--43
[]\T1/ptm/m/n/12 Framework an-tar-mu-ka
 []


Underfull \hbox (badness 1546) in paragraph at lines 43--44
[]\T1/ptm/m/n/12 Bahasa pem-ro-gram-an de-
 []


Underfull \hbox (badness 2452) in paragraph at lines 46--47
[]\T1/ptm/m/n/12 Jaringan bloc-kcha-in kon-
 []


Overfull \hbox (5.54582pt too wide) in paragraph at lines 33--50
 [][] 
 []


LaTeX Warning: `h' float specifier changed to `ht'.

[18]
Overfull \hbox (2.1626pt too wide) in paragraph at lines 69--70
[]\T1/ptm/m/n/12 Penelitian di-lak-sa-nak-an da-lam enam ta-hap-an yang di-i-lu
s-tra-sik-an pa-da Gam-bar []3.1[]. 
 []


LaTeX Warning: `h' float specifier changed to `ht'.

[19] [20]
LaTeX Font Info:    Trying to load font information for TS1+ptm on input line 1
61.
 (/usr/share/texlive/texmf-dist/tex/latex/psnfss/ts1ptm.fd
File: ts1ptm.fd 2001/06/04 font definitions for TS1/ptm.
)
Overfull \hbox (7.80544pt too wide) in paragraph at lines 165--166
[]\T1/ptm/b/it/12 Blockchain La-yer \T1/ptm/m/n/12 --- Se-lu-ruh kon-trak di-de
ploy pa-da DCha-in (EVM-compatible [[]10[]],
 []

[21]
Overfull \hbox (1.51717pt too wide) in paragraph at lines 177--178
\T1/ptm/m/n/12 ti-tas ke-ang-go-ta-an da-ri ke-pe-mi-lik-an to-ken. \T1/pcr/m/n
/12 MAX_SUPPLY \T1/ptm/m/n/12 di-te-tapk-an 1.000.000 LAK
 []


Overfull \hbox (56.27185pt too wide) in paragraph at lines 198--199
[]\T1/ptm/m/n/12 Setiap fung-si \T1/ptm/m/it/12 state-modifying \T1/ptm/m/n/12 
di-lin-du-ngi oleh \T1/pcr/m/n/12 onlyRole \T1/ptm/m/n/12 atau \T1/pcr/m/n/12 o
nlyRegisteredMember\T1/ptm/m/n/12 .
 []

[22]
Underfull \hbox (badness 4647) in paragraph at lines 216--217
[]\T1/ptm/m/n/10 Pencabutan me-la-lui ta-ta
 []


Underfull \hbox (badness 10000) in paragraph at lines 225--225
[]\T1/pcr/m/n/10 beginElection() $\OMS/cmsy/m/n/10 !$
 []


Underfull \hbox (badness 6493) in paragraph at lines 227--228
[]\T1/ptm/m/n/10 Pinjaman LTV ber-ba-sis
 []


Underfull \hbox (badness 10000) in paragraph at lines 228--228
[]\T1/ptm/m/n/10 Permenkop
 []


Overfull \hbox (22.5236pt too wide) in paragraph at lines 209--231
 [][] 
 []


Overfull \hbox (3.45143pt too wide) in paragraph at lines 238--239
[]\T1/pcr/m/n/12 MemberRegistered(address member) \T1/ptm/m/n/12 --- Di-pan-car
k-an oleh La-ko-mi-To-ken ke-
 []


Overfull \hbox (53.6843pt too wide) in paragraph at lines 240--241
[]\T1/pcr/m/n/12 SimpananPaid(address member, uint256 amount, string simpananTy
pe)
 []


Overfull \hbox (17.68431pt too wide) in paragraph at lines 241--242
[]\T1/pcr/m/n/12 SHUDistributed(uint256 distributionsId, uint256 totalAmount)
 []

[23]
Overfull \hbox (14.24017pt too wide) in paragraph at lines 243--244
[]\T1/pcr/m/n/12 VoteCast(uint256 proposalId, address voter, uint8 vote) \T1/pt
m/m/n/12 --- Di-
 []


Overfull \hbox (39.2843pt too wide) in paragraph at lines 245--246
[]\T1/pcr/m/n/12 LoanRequested(uint256 loanId, address borrower, uint256 amount
)
 []


Underfull \hbox (badness 10000) in paragraph at lines 272--272
[]$\OMS/cmsy/m/n/10 ^^T$ \T1/ptm/m/n/10 200
 []


Overfull \hbox (9.60988pt too wide) in paragraph at lines 274--274
[]\T1/ptm/m/n/10 30%/50%/70%| 
 []


Overfull \hbox (2.03146pt too wide) in paragraph at lines 258--277
 [][] 
 []

[24] [25] [26] [27]
Overfull \hbox (1.10602pt too wide) in paragraph at lines 374--375
[]\T1/ptm/m/n/12 Komunikasi de-ngan \T1/ptm/m/it/12 smart con-tra-ct \T1/ptm/m/
n/12 di-la-kuk-an me-la-lui \T1/ptm/m/it/12 pro-vi-der \T1/ptm/m/n/12 JSON-RPC 
DCha-
 []

[28]
Overfull \hbox (9.8096pt too wide) in paragraph at lines 409--410
[]\T1/ptm/m/n/12 Setelah per-i-o-de ber-a-khir, sis-tem me-mve-ri-fi-ka-si ku-o
-rum: $[] \OMS/cmsy/m/n/12 ^^U [] ^^B
 []


Overfull \hbox (5.55005pt too wide) in paragraph at lines 417--418
[]\T1/ptm/m/n/12 Anggota meng-a-juk-an pin-jam-an me-la-lui \T1/pcr/m/n/12 requ
estLoan() \T1/ptm/m/n/12 de-ngan me-nen-tuk-an jum-
 []

[29] [30]
Underfull \hbox (badness 6725) in paragraph at lines 460--461
\T1/ptm/m/n/10 sim-pan-an po-kok se-ba-gai
 []


Underfull \hbox (badness 10000) in paragraph at lines 462--462
[]\T1/ptm/m/n/10 Proporsional ter-ha-dap
 []


Underfull \hbox (badness 4673) in paragraph at lines 462--463
[]\T1/ptm/m/n/10 Satu ang-go-ta sa-tu su-a-ra
 []


Underfull \hbox (badness 1484) in paragraph at lines 464--465
[]\T1/ptm/m/n/10 Tiga je-nis sim-pan-an (po-
 []


Underfull \hbox (badness 10000) in paragraph at lines 466--466
[]\T1/ptm/m/n/10 Proporsional ter-ha-dap
 []


Underfull \hbox (badness 3108) in paragraph at lines 466--467
[]\T1/ptm/m/n/10 Enam ka-te-go-ri SHU de-
 []


Underfull \hbox (badness 1024) in paragraph at lines 470--471
[]\T1/ptm/m/n/10 Veto pe-nga-was + la-por-an
 []


Underfull \hbox (badness 3138) in paragraph at lines 474--474
[]\T1/ptm/m/n/10 Bergantung pa-da ke-pa-
 []


Underfull \hbox (badness 5908) in paragraph at lines 474--474
[]\T1/ptm/m/n/10 Tidak di-ran-cang un-tuk
 []


Underfull \hbox (badness 2726) in paragraph at lines 474--475
\T1/ptm/m/n/10 ter-pe-tak-an ke fung-si on-
 []


Underfull \hbox (badness 10000) in paragraph at lines 476--476
[]\T1/ptm/m/n/10 Tidak ada me-ka-nis-me
 []


Underfull \hbox (badness 10000) in paragraph at lines 476--476
[]\T1/ptm/m/it/10 Staking \T1/ptm/m/n/10 me-me-nga-ru-hi
 []


Overfull \hbox (22.53008pt too wide) in paragraph at lines 456--479
 [][] 
 []


LaTeX Warning: `h' float specifier changed to `ht'.

[31]
Overfull \hbox (0.1356pt too wide) in paragraph at lines 491--492
[]\T1/ptm/m/n/12 Pengujian fung-sio-nal di-la-kuk-an meng-gu-nak-an \T1/ptm/m/i
t/12 fra-me-work \T1/ptm/m/n/12 Ha-rdhat pa-da ling-kung-
 []


Overfull \hbox (21.13797pt too wide) in paragraph at lines 496--497
\T1/ptm/m/n/12 100 USDC dan pe-ne-ri-ma-an 100 to-ken LAK; ve-ri-fi-ka-si bah-w
a \T1/pcr/m/n/12 isRegisteredMember
 []

[32]
Overfull \hbox (43.79305pt too wide) in paragraph at lines 502--503
\T1/ptm/m/n/12 ku-o-rum di-nya-tak-an \T1/ptm/m/it/12 de-fe-a-ted\T1/ptm/m/n/12
 ; pen-ja-dwal-an RAT ta-hun-an me-la-lui \T1/pcr/m/n/12 scheduleAnnualRAT()
 []


Overfull \hbox (112.4342pt too wide) in paragraph at lines 504--505
\T1/ptm/m/n/12 non-pengawas; dan ak-ses pe-nga-was ter-ha-dap la-por-an ke-u-an
g-an me-la-lui \T1/pcr/m/n/12 getPengawasAuditReport()
 []

[33]
Overfull \hbox (1.05878pt too wide) in paragraph at lines 511--512
[]\T1/ptm/m/n/12 Seluruh ha-sil pe-ngu-ji-an fung-sio-nal di-sa-jik-an dan di-b
a-has se-ca-ra rin-ci pa-da Bab []IV[]. 
 []


Overfull \hbox (26.68098pt too wide) in paragraph at lines 534--535
\T1/ptm/m/n/12 men-tran-sfer to-ken LAK an-tar akun ak-an di-to-lak (\T1/ptm/m/
it/12 re-ver-ted\T1/ptm/m/n/12 ) ka-re-na \T1/pcr/m/n/12 transfersEnabled
 []

[34]) [35]
\openout2 = `contents/chapter-4/chapter-4.aux'.

 (./contents/chapter-4/chapter-4.tex
BAB IV.

LaTeX Warning: Reference `ch1' on page 36 undefined on input line 4.


Overfull \hbox (1.57573pt too wide) in paragraph at lines 8--9
[]\T1/ptm/m/n/12 Empat \T1/ptm/m/it/12 smart con-tra-ct \T1/ptm/m/n/12 Lakomi--
-LakomiToken, La-ko-mi-Va-ult, La-ko-mi-Go-vern, dan
 []


Overfull \hbox (2.03796pt too wide) in paragraph at lines 46--65
 [][] 
 []


LaTeX Warning: `h' float specifier changed to `ht'.

[36





]
Overfull \hbox (57.8843pt too wide) in paragraph at lines 83--83
[]    \T1/pcr/m/n/12 require(!isRegisteredMember[msg.sender], "Already register
ed");[] 
 []


Overfull \hbox (79.48428pt too wide) in paragraph at lines 104--104
[]\T1/pcr/m/n/12 function distributeSHU() external onlyRole(GOVERN_ROLE) nonRee
ntrant {[] 
 []

[37]
Overfull \hbox (14.68431pt too wide) in paragraph at lines 104--104
[]        \T1/pcr/m/n/12 uint256 allocation = (dist * categoryBPS[i]) / 10000;[
] 
 []


Overfull \hbox (101.08427pt too wide) in paragraph at lines 104--104
[]        \T1/pcr/m/n/12 distributions[distributionCount].categoryAmounts[i] = 
allocation;[] 
 []


Overfull \hbox (29.0843pt too wide) in paragraph at lines 104--104
[]    \T1/pcr/m/n/12 distributions[distributionCount].sharesTotal = sharesTotal
;[] 
 []


Overfull \hbox (65.08429pt too wide) in paragraph at lines 126--126
[]    \T1/pcr/m/n/12 require(proposal.status == ProposalStatus.Active, "Not act
ive");[] 
 []


Overfull \hbox (14.68431pt too wide) in paragraph at lines 126--126
[]    \T1/pcr/m/n/12 require(!proposal.hasVoted[msg.sender], "Already voted");[
] 
 []


Overfull \hbox (43.4843pt too wide) in paragraph at lines 126--126
[]    \T1/pcr/m/n/12 require(block.timestamp <= proposal.voteEnd, "Voting ended
");[] 
 []


Overfull \hbox (8.54727pt too wide) in paragraph at lines 130--131
[]\T1/ptm/m/it/12 Frontend \T1/ptm/m/n/12 La-ko-mi ber-ha-sil di-im-ple-men-ta-
sik-an meng-gu-nak-an Re-a-ct 18 de-ngan Type-
 []

[38]

LaTeX Warning: `h' float specifier changed to `ht'.


Overfull \hbox (3.5192pt too wide) in paragraph at lines 156--157
[]\T1/ptm/m/n/12 Portal Pin-jam-an (Gam-bar []4.6[]) me-mung-kink-an ang-go-ta 
meng-a-juk-an pin-jam-an mik-
 []

[39]

LaTeX Warning: `h' float specifier changed to `ht'.


Overfull \hbox (0.1356pt too wide) in paragraph at lines 178--179
[]\T1/ptm/m/n/12 Pengujian fung-sio-nal di-la-kuk-an meng-gu-nak-an \T1/ptm/m/i
t/12 fra-me-work \T1/ptm/m/n/12 Ha-rdhat pa-da ling-kung-
 []

[40]
Underfull \hbox (badness 10000) in paragraph at lines 189--189
\T1/ptm/m/n/10 ve-ri-fi-ka-si \T1/pcr/m/n/10 isRegisteredMember
 []

! Undefined control sequence.
l.189 ...exttt{memberCount} bertambah & \checkmark
                                                   \\
The control sequence at the end of the top line
of your error message was never \def'ed. If you have
misspelled it (e.g., `\hobx'), type `I' and the correct
spelling (e.g., `I\hbox'). Otherwise just continue,
and I'll forget about whatever was undefined.


Underfull \hbox (badness 10000) in paragraph at lines 190--190
[]\T1/ptm/m/n/10 Penolakan pen-daf-tar-an gan-da
 []

! Undefined control sequence.
l.190 ...\texttt{Already registered}) & \checkmark
                                                   \\
The control sequence at the end of the top line
of your error message was never \def'ed. If you have
misspelled it (e.g., `\hobx'), type `I' and the correct
spelling (e.g., `I\hbox'). Otherwise just continue,
and I'll forget about whatever was undefined.

! Undefined control sequence.
l.191 ...kan 100 LAK pada pendaftaran & \checkmark
                                                   \\
The control sequence at the end of the top line
of your error message was never \def'ed. If you have
misspelled it (e.g., `\hobx'), type `I' and the correct
spelling (e.g., `I\hbox'). Otherwise just continue,
and I'll forget about whatever was undefined.

! Undefined control sequence.
l.192 ...kan satu suara pada proposal & \checkmark
                                                   \\
The control sequence at the end of the top line
of your error message was never \def'ed. If you have
misspelled it (e.g., `\hobx'), type `I' and the correct
spelling (e.g., `I\hbox'). Otherwise just continue,
and I'll forget about whatever was undefined.


Underfull \hbox (badness 10000) in paragraph at lines 193--193
[]\T1/ptm/m/n/10 Pendaftaran ang-go-ta ba-
 []


Underfull \hbox (badness 10000) in paragraph at lines 193--193
\T1/ptm/m/n/10 ru oleh admin me-la-lui
 []

! Undefined control sequence.
l.193 ...exttt{registerMemberAdmin()} & \checkmark
                                                   \\
The control sequence at the end of the top line
of your error message was never \def'ed. If you have
misspelled it (e.g., `\hobx'), type `I' and the correct
spelling (e.g., `I\hbox'). Otherwise just continue,
and I'll forget about whatever was undefined.


Underfull \hbox (badness 10000) in paragraph at lines 194--194
[]\T1/ptm/m/n/10 Transfer to-ken LAK di-to-lak
 []

! Undefined control sequence.
l.194 ...t{transfersEnabled = false}) & \checkmark
                                                   \\
The control sequence at the end of the top line
of your error message was never \def'ed. If you have
misspelled it (e.g., `\hobx'), type `I' and the correct
spelling (e.g., `I\hbox'). Otherwise just continue,
and I'll forget about whatever was undefined.


Underfull \hbox (badness 10000) in paragraph at lines 195--195
[]\T1/ptm/m/n/10 Pengunduran di-ri su-ka-re-la me-la-lui
 []

! Undefined control sequence.
l.195 ... \texttt{resignMembership()} & \checkmark
                                                   \\
The control sequence at the end of the top line
of your error message was never \def'ed. If you have
misspelled it (e.g., `\hobx'), type `I' and the correct
spelling (e.g., `I\hbox'). Otherwise just continue,
and I'll forget about whatever was undefined.


Underfull \hbox (badness 10000) in paragraph at lines 196--196
[]\T1/ptm/m/n/10 Tiga ang-go-ta ter-daf-tar masing-
 []


Underfull \hbox (badness 10000) in paragraph at lines 196--196
\T1/ptm/m/n/10 masing meng-em-ba-lik-an
 []

! Undefined control sequence.
l.196 ...texttt{getVotingPower() = 1} & \checkmark
                                                   \\
The control sequence at the end of the top line
of your error message was never \def'ed. If you have
misspelled it (e.g., `\hobx'), type `I' and the correct
spelling (e.g., `I\hbox'). Otherwise just continue,
and I'll forget about whatever was undefined.


Underfull \hbox (badness 3942) in paragraph at lines 197--197
[]\T1/ptm/m/n/10 Alamat ti-dak ter-daf-tar di-to-lak sa-at
 []

! Undefined control sequence.
l.197 ...itolak saat memberikan suara & \checkmark
                                                   \\
The control sequence at the end of the top line
of your error message was never \def'ed. If you have
misspelled it (e.g., `\hobx'), type `I' and the correct
spelling (e.g., `I\hbox'). Otherwise just continue,
and I'll forget about whatever was undefined.

! Undefined control sequence.
l.198 ...; penolakan pembayaran ganda & \checkmark
                                                   \\
The control sequence at the end of the top line
of your error message was never \def'ed. If you have
misspelled it (e.g., `\hobx'), type `I' and the correct
spelling (e.g., `I\hbox'). Otherwise just continue,
and I'll forget about whatever was undefined.

! Undefined control sequence.
l.199 ...nyatakan lolos (kuorum 67\%) & \checkmark
                                                   \\
The control sequence at the end of the top line
of your error message was never \def'ed. If you have
misspelled it (e.g., `\hobx'), type `I' and the correct
spelling (e.g., `I\hbox'). Otherwise just continue,
and I'll forget about whatever was undefined.

! Undefined control sequence.
l.200 ...dinyatakan \textit{Defeated} & \checkmark
                                                   \\
The control sequence at the end of the top line
of your error message was never \def'ed. If you have
misspelled it (e.g., `\hobx'), type `I' and the correct
spelling (e.g., `I\hbox'). Otherwise just continue,
and I'll forget about whatever was undefined.

! Undefined control sequence.
l.201 ...han RAT ganda dalam 365 hari & \checkmark
                                                   \\
The control sequence at the end of the top line
of your error message was never \def'ed. If you have
misspelled it (e.g., `\hobx'), type `I' and the correct
spelling (e.g., `I\hbox'). Otherwise just continue,
and I'll forget about whatever was undefined.

! Undefined control sequence.
l.202 ...engan suara terbanyak menang & \checkmark
                                                   \\
The control sequence at the end of the top line
of your error message was never \def'ed. If you have
misspelled it (e.g., `\hobx'), type `I' and the correct
spelling (e.g., `I\hbox'). Otherwise just continue,
and I'll forget about whatever was undefined.

! Undefined control sequence.
l.203 ...ri; pemberian peran otomatis & \checkmark
                                                   \\
The control sequence at the end of the top line
of your error message was never \def'ed. If you have
misspelled it (e.g., `\hobx'), type `I' and the correct
spelling (e.g., `I\hbox'). Otherwise just continue,
and I'll forget about whatever was undefined.

! Undefined control sequence.
l.204 ...melalui proposal tata kelola & \checkmark
                                                   \\
The control sequence at the end of the top line
of your error message was never \def'ed. If you have
misspelled it (e.g., `\hobx'), type `I' and the correct
spelling (e.g., `I\hbox'). Otherwise just continue,
and I'll forget about whatever was undefined.


Underfull \hbox (badness 1303) in paragraph at lines 205--205
[]\T1/ptm/m/n/10 Pengawas da-pat mem-veto pro-po-sal;
 []

! Undefined control sequence.
l.205 ...exttt{proposalVetoed = true} & \checkmark
                                                   \\
The control sequence at the end of the top line
of your error message was never \def'ed. If you have
misspelled it (e.g., `\hobx'), type `I' and the correct
spelling (e.g., `I\hbox'). Otherwise just continue,
and I'll forget about whatever was undefined.

! Undefined control sequence.
l.206 ...as ditolak saat mencoba veto & \checkmark
                                                   \\
The control sequence at the end of the top line
of your error message was never \def'ed. If you have
misspelled it (e.g., `\hobx'), type `I' and the correct
spelling (e.g., `I\hbox'). Otherwise just continue,
and I'll forget about whatever was undefined.


Underfull \hbox (badness 10000) in paragraph at lines 207--207
[]\T1/ptm/m/n/10 Pengawas meng-ak-ses la-
 []


Underfull \hbox (badness 10000) in paragraph at lines 207--207
\T1/ptm/m/n/10 por-an ke-u-ang-an via
 []

! Undefined control sequence.
l.207 ...tt{getPengawasAuditReport()} & \checkmark
                                                   \\
The control sequence at the end of the top line
of your error message was never \def'ed. If you have
misspelled it (e.g., `\hobx'), type `I' and the correct
spelling (e.g., `I\hbox'). Otherwise just continue,
and I'll forget about whatever was undefined.


Underfull \hbox (badness 10000) in paragraph at lines 208--208
[]\T1/ptm/m/n/10 Pembayaran sim-pan-an po-kok 100
 []

! Undefined control sequence.
l.208 ...ok 100 USDC pada pendaftaran & \checkmark
                                                   \\
The control sequence at the end of the top line
of your error message was never \def'ed. If you have
misspelled it (e.g., `\hobx'), type `I' and the correct
spelling (e.g., `I\hbox'). Otherwise just continue,
and I'll forget about whatever was undefined.

! Undefined control sequence.
l.209 ...panan wajib 10 USDC periodik & \checkmark
                                                   \\
The control sequence at the end of the top line
of your error message was never \def'ed. If you have
misspelled it (e.g., `\hobx'), type `I' and the correct
spelling (e.g., `I\hbox'). Otherwise just continue,
and I'll forget about whatever was undefined.

! Undefined control sequence.
l.210 ...\textit{shares} proporsional & \checkmark
                                                   \\
The control sequence at the end of the top line
of your error message was never \def'ed. If you have
misspelled it (e.g., `\hobx'), type `I' and the correct
spelling (e.g., `I\hbox'). Otherwise just continue,
and I'll forget about whatever was undefined.


Underfull \hbox (badness 10000) in paragraph at lines 211--211
[]\T1/ptm/m/n/10 Pelacakan da-na ca-dang-an da-lam
 []

! Undefined control sequence.
l.211 ... dalam \texttt{danaCadangan} & \checkmark
                                                   \\
The control sequence at the end of the top line
of your error message was never \def'ed. If you have
misspelled it (e.g., `\hobx'), type `I' and the correct
spelling (e.g., `I\hbox'). Otherwise just continue,
and I'll forget about whatever was undefined.

! Undefined control sequence.
l.212 ...6 kategori sesuai basis poin & \checkmark
                                                   \\
The control sequence at the end of the top line
of your error message was never \def'ed. If you have
misspelled it (e.g., `\hobx'), type `I' and the correct
spelling (e.g., `I\hbox'). Otherwise just continue,
and I'll forget about whatever was undefined.

! Undefined control sequence.
l.213 ...gota; pencegahan klaim ganda & \checkmark
                                                   \\
The control sequence at the end of the top line
of your error message was never \def'ed. If you have
misspelled it (e.g., `\hobx'), type `I' and the correct
spelling (e.g., `I\hbox'). Otherwise just continue,
and I'll forget about whatever was undefined.

! Undefined control sequence.
l.214 ...u bunga 5\% APY; agunan 25\% & \checkmark
                                                   \\
The control sequence at the end of the top line
of your error message was never \def'ed. If you have
misspelled it (e.g., `\hobx'), type `I' and the correct
spelling (e.g., `I\hbox'). Otherwise just continue,
and I'll forget about whatever was undefined.


Overfull \hbox (5.54582pt too wide) in paragraph at lines 185--217
 [][] 
 []


LaTeX Warning: Float too large for page by 86.65134pt on input line 217.


LaTeX Warning: `h' float specifier changed to `ht'.

! Undefined control sequence.
l.219 ...io pengujian menunjukkan hasil \checkmark
                                                  \ (\textit{Pass}), yang me...
The control sequence at the end of the top line
of your error message was never \def'ed. If you have
misspelled it (e.g., `\hobx'), type `I' and the correct
spelling (e.g., `I\hbox'). Otherwise just continue,
and I'll forget about whatever was undefined.


Underfull \hbox (badness 2103) in paragraph at lines 229--229
[]\T1/ptm/b/n/12 Jumlah Pa-
 []

! Undefined control sequence.
l.231 ... & 5 (5, 17--21, 31) & 7 & 7/7 \checkmark
                                                   \\
The control sequence at the end of the top line
of your error message was never \def'ed. If you have
misspelled it (e.g., `\hobx'), type `I' and the correct
spelling (e.g., `I\hbox'). Otherwise just continue,
and I'll forget about whatever was undefined.

! Undefined control sequence.
l.232 ... & 4 (22(2), 41, 43) & 5 & 5/5 \checkmark
                                                   \\
The control sequence at the end of the top line
of your error message was never \def'ed. If you have
misspelled it (e.g., `\hobx'), type `I' and the correct
spelling (e.g., `I\hbox'). Otherwise just continue,
and I'll forget about whatever was undefined.


Underfull \hbox (badness 7944) in paragraph at lines 233--233
\T1/ptm/m/n/12 26--27, 29--
 []

! Undefined control sequence.
l.233 ..., 29--30, 38--39) & 10 & 10/10 \checkmark
                                                   \\
The control sequence at the end of the top line
of your error message was never \def'ed. If you have
misspelled it (e.g., `\hobx'), type `I' and the correct
spelling (e.g., `I\hbox'). Otherwise just continue,
and I'll forget about whatever was undefined.


Underfull \hbox (badness 3240) in paragraph at lines 234--234
[]\T1/ptm/m/n/12 3 (45, Per-
 []


Underfull \hbox (badness 10000) in paragraph at lines 234--234
\T1/ptm/m/n/12 men-kop
 []

! Undefined control sequence.
l.234 ...5, Permenkop 8/2023) & 4 & 4/4 \checkmark
                                                   \\
The control sequence at the end of the top line
of your error message was never \def'ed. If you have
misspelled it (e.g., `\hobx'), type `I' and the correct
spelling (e.g., `I\hbox'). Otherwise just continue,
and I'll forget about whatever was undefined.

! Undefined control sequence.
<argument> 26/26 \checkmark 
                            
l.236 ...& \textbf{26} & \textbf{26/26 \checkmark}
                                                   \\
The control sequence at the end of the top line
of your error message was never \def'ed. If you have
misspelled it (e.g., `\hobx'), type `I' and the correct
spelling (e.g., `I\hbox'). Otherwise just continue,
and I'll forget about whatever was undefined.


LaTeX Warning: `h' float specifier changed to `ht'.


Overfull \hbox (21.80603pt too wide) in paragraph at lines 258--258
[]\T1/pcr/m/n/12 registerMember()| 
 []


Overfull \hbox (36.20602pt too wide) in paragraph at lines 259--259
[]\T1/pcr/m/n/12 paySimpananPokok()| 
 []


Overfull \hbox (14.60603pt too wide) in paragraph at lines 262--262
[]\T1/pcr/m/n/12 distributeSHU()| 
 []


Overfull \hbox (36.20602pt too wide) in paragraph at lines 264--264
[]\T1/pcr/m/n/12 finalizeElection()| 
 []


Overfull \hbox (14.03795pt too wide) in paragraph at lines 249--267
 [][] 
 []


LaTeX Warning: `h' float specifier changed to `ht'.


Overfull \hbox (53.886pt too wide) in paragraph at lines 269--270
\T1/ptm/m/n/12 ra-si pem-ba-ca-an da-ta (\T1/ptm/m/it/12 vi-ew fun-ctions\T1/pt
m/m/n/12 ) se-per-ti \T1/pcr/m/n/12 getVotingPower()\T1/ptm/m/n/12 , \T1/pcr/m/
n/12 isRegisteredMember()\T1/ptm/m/n/12 ,
 []

[41]
Underfull \hbox (badness 1062) in paragraph at lines 286--287
[]\T1/ptm/m/n/10 Mandiri, sim-pan-an po-kok
 []


Underfull \hbox (badness 4673) in paragraph at lines 288--289
[]\T1/ptm/m/n/10 Satu ang-go-ta sa-tu su-a-ra
 []


Underfull \hbox (badness 3260) in paragraph at lines 290--291
[]\T1/ptm/m/n/10 Tiga je-nis sim-pan-an on-
 []


Underfull \hbox (badness 10000) in paragraph at lines 300--300
[]\T1/ptm/m/n/10 Kepatuhan Re-gu-
 []


Underfull \hbox (badness 5908) in paragraph at lines 300--300
[]\T1/ptm/m/n/10 Tidak di-ran-cang un-tuk
 []


Overfull \hbox (14.03795pt too wide) in paragraph at lines 282--305
 [][] 
 []


LaTeX Warning: `h' float specifier changed to `ht'.

[42]
Overfull \hbox (2.59999pt too wide) in paragraph at lines 323--324
\OT1/cmr/m/n/12 1\OML/cmm/m/it/12 :\OT1/cmr/m/n/12 012\OML/cmm/m/it/12 ; \OT1/c
mr/m/n/12 33$ \T1/ptm/m/n/12 USDC. Ha-sil ek-se-ku-si \T1/pcr/m/n/12 calculateI
nterest(1000, 90) \T1/ptm/m/n/12 pa-da \T1/ptm/m/it/12 smart con-
 []

[43]) [44] [45] [46] [47]
\openout2 = `contents/chapter-5/chapter-5.aux'.

 (./contents/chapter-5/chapter-5.tex
BAB V.
) [48





]
\openout2 = `contents/chapter-6/chapter-6.aux'.

 (./contents/chapter-6/chapter-6.tex
BAB VI.

LaTeX Warning: Reference `ch1' on page 49 undefined on input line 5.


Overfull \hbox (34.81667pt too wide) in paragraph at lines 8--9
[]\T1/ptm/b/n/12 Perancangan Smart Con-tra-ct se-su-ai UU 25/1992. \T1/ptm/m/n/
12 Em-pat \T1/ptm/m/it/12 smart con-tra-ct\T1/ptm/m/n/12 ---LakomiToken,
 []

[49





]
Overfull \hbox (0.91779pt too wide) in paragraph at lines 26--27
\T1/ptm/m/n/12 ngem-bang-an an-tar-mu-ka yang di-ran-cang khu-sus un-tuk edu-ka
-si anggota---seperti pan-
 []

[50]
Overfull \hbox (1.79318pt too wide) in paragraph at lines 32--33
[]\T1/ptm/b/n/12 Evaluasi Ta-ta Ke-lo-la Jang-ka Pan-jang. \T1/ptm/m/n/12 Me-ka
-nis-me ta-ta ke-lo-la on-chain---termasuk
 []

) [51] (./main.bbl [52




] [53]) [54]
(./contents/appendix/appendix-isi-lampiran.tex) [1


]
(./contents/appendix/appendix-latex.tex

LaTeX Warning: Citation `marenda2016digitory' on page L-2 undefined on input li
ne 11.

<contents/chapter-1/sample-fig.png, id=1232, 578.16pt x 434.37282pt>
File: contents/chapter-1/sample-fig.png Graphic file (type png)
<use contents/chapter-1/sample-fig.png>
Package pdftex.def Info: contents/chapter-1/sample-fig.png  used on input line 
17.
(pdftex.def)             Requested size: 284.52756pt x 213.76582pt.
[2

 <./contents/chapter-1/sample-fig.png (PNG copy)>]
Package hyperref Info: bookmark level for unknown algorithm defaults to 0 on in
put line 70.
 [3] [4]) [5]
(./contents/appendix/appendix-penulisan-referensi.tex [6

] [7] [8]) [9]
(./contents/appendix/appendix-code.tex [10

]
(/usr/share/texlive/texmf-dist/tex/latex/listings/lstlang1.sty
File: lstlang1.sty 2023/02/27 1.9 listings language file
) [11]
(/usr/share/texlive/texmf-dist/tex/latex/listings/lstlang1.sty
File: lstlang1.sty 2023/02/27 1.9 listings language file
)
Package hyperref Info: bookmark level for unknown lstlisting defaults to 0 on i
nput line 74.

(./sample/sample-code.m)) [12] (./main.aux (./contents/chapter-1/chapter-1.aux)
(./contents/chapter-2/chapter-2.aux) (./contents/chapter-3/chapter-3.aux)
(./contents/chapter-4/chapter-4.aux) (./contents/chapter-5/chapter-5.aux)
(./contents/chapter-6/chapter-6.aux))
 ***********
LaTeX2e <2023-11-01> patch level 1
L3 programming layer <2024-01-22>
 ***********


LaTeX Warning: There were undefined references.


LaTeX Warning: Label(s) may have changed. Rerun to get cross-references right.

Package rerunfilecheck Info: File `main.out' has not changed.
(rerunfilecheck)             Checksum: 74F5C99EC0D7CEB54B264E500A6311C1;25798.
 ) 
Here is how much of TeX's memory you used:
 42837 strings out of 475597
 957997 string characters out of 5783340
 2089975 words of memory out of 5000000
 63758 multiletter control sequences out of 15000+600000
 613275 words of font info for 89 fonts, out of 8000000 for 9000
 309 hyphenation exceptions out of 8191
 103i,12n,106p,1586b,1785s stack positions out of 10000i,1000n,20000p,200000b,200000s
</usr/share/texlive/texmf-dist/fonts/type1/public/amsfonts/cm/cmmi12.pfb></us
r/share/texlive/texmf-dist/fonts/type1/public/amsfonts/cm/cmmi6.pfb></usr/share
/texlive/texmf-dist/fonts/type1/public/amsfonts/cm/cmmi8.pfb></usr/share/texliv
e/texmf-dist/fonts/type1/public/amsfonts/cm/cmr12.pfb></usr/share/texlive/texmf
-dist/fonts/type1/public/amsfonts/cm/cmr8.pfb></usr/share/texlive/texmf-dist/fo
nts/type1/public/amsfonts/cm/cmsy10.pfb></usr/share/texlive/texmf-dist/fonts/ty
pe1/public/amsfonts/cm/cmti12.pfb></usr/share/texlive/texmf-dist/fonts/type1/ur
w/courier/ucrr8a.pfb></usr/share/texlive/texmf-dist/fonts/type1/urw/times/utmb8
a.pfb></usr/share/texlive/texmf-dist/fonts/type1/urw/times/utmbi8a.pfb></usr/sh
are/texlive/texmf-dist/fonts/type1/urw/times/utmr8a.pfb></usr/share/texlive/tex
mf-dist/fonts/type1/urw/times/utmri8a.pfb>
Output written on main.pdf (80 pages, 464425 bytes).
PDF statistics:
 1494 PDF objects out of 1728 (max. 8388607)
 1371 compressed objects within 14 object streams
 447 named destinations out of 1000 (max. 500000)
 991 words of extra memory for PDF output out of 10000 (max. 10000000)

